Archive member included to satisfy reference by file (symbol)

D:/ST/STM32CubeIDE_1.12.1/STM32CubeIDE/plugins/com.st.stm32cube.ide.mcu.externaltools.gnu-tools-for-stm32.11.3.rel1.win32_1.1.0.202305231506/tools/bin/../lib/gcc/arm-none-eabi/11.3.1/../../../../arm-none-eabi/lib/thumb/v7e-m+fp/hard\libstdc++_nano.a(del_ops.o)
                              ./Core/Inc/Sensors/BNO055_HAL/BNO055_HAL.o (operator delete(void*, unsigned int))
D:/ST/STM32CubeIDE_1.12.1/STM32CubeIDE/plugins/com.st.stm32cube.ide.mcu.externaltools.gnu-tools-for-stm32.11.3.rel1.win32_1.1.0.202305231506/tools/bin/../lib/gcc/arm-none-eabi/11.3.1/../../../../arm-none-eabi/lib/thumb/v7e-m+fp/hard\libstdc++_nano.a(del_op.o)
                              D:/ST/STM32CubeIDE_1.12.1/STM32CubeIDE/plugins/com.st.stm32cube.ide.mcu.externaltools.gnu-tools-for-stm32.11.3.rel1.win32_1.1.0.202305231506/tools/bin/../lib/gcc/arm-none-eabi/11.3.1/../../../../arm-none-eabi/lib/thumb/v7e-m+fp/hard\libstdc++_nano.a(del_ops.o) (operator delete(void*))
D:/ST/STM32CubeIDE_1.12.1/STM32CubeIDE/plugins/com.st.stm32cube.ide.mcu.externaltools.gnu-tools-for-stm32.11.3.rel1.win32_1.1.0.202305231506/tools/bin/../lib/gcc/arm-none-eabi/11.3.1/../../../../arm-none-eabi/lib/thumb/v7e-m+fp/hard\libc_nano.a(libc_a-exit.o)
                              D:/ST/STM32CubeIDE_1.12.1/STM32CubeIDE/plugins/com.st.stm32cube.ide.mcu.externaltools.gnu-tools-for-stm32.11.3.rel1.win32_1.1.0.202305231506/tools/bin/../lib/gcc/arm-none-eabi/11.3.1/../../../../arm-none-eabi/lib/thumb/v7e-m+fp/hard/crt0.o (exit)
D:/ST/STM32CubeIDE_1.12.1/STM32CubeIDE/plugins/com.st.stm32cube.ide.mcu.externaltools.gnu-tools-for-stm32.11.3.rel1.win32_1.1.0.202305231506/tools/bin/../lib/gcc/arm-none-eabi/11.3.1/../../../../arm-none-eabi/lib/thumb/v7e-m+fp/hard\libc_nano.a(libc_a-malloc.o)
                              D:/ST/STM32CubeIDE_1.12.1/STM32CubeIDE/plugins/com.st.stm32cube.ide.mcu.externaltools.gnu-tools-for-stm32.11.3.rel1.win32_1.1.0.202305231506/tools/bin/../lib/gcc/arm-none-eabi/11.3.1/../../../../arm-none-eabi/lib/thumb/v7e-m+fp/hard\libstdc++_nano.a(del_op.o) (free)
D:/ST/STM32CubeIDE_1.12.1/STM32CubeIDE/plugins/com.st.stm32cube.ide.mcu.externaltools.gnu-tools-for-stm32.11.3.rel1.win32_1.1.0.202305231506/tools/bin/../lib/gcc/arm-none-eabi/11.3.1/../../../../arm-none-eabi/lib/thumb/v7e-m+fp/hard\libc_nano.a(libc_a-mallocr.o)
                              D:/ST/STM32CubeIDE_1.12.1/STM32CubeIDE/plugins/com.st.stm32cube.ide.mcu.externaltools.gnu-tools-for-stm32.11.3.rel1.win32_1.1.0.202305231506/tools/bin/../lib/gcc/arm-none-eabi/11.3.1/../../../../arm-none-eabi/lib/thumb/v7e-m+fp/hard\libc_nano.a(libc_a-malloc.o) (_malloc_r)
D:/ST/STM32CubeIDE_1.12.1/STM32CubeIDE/plugins/com.st.stm32cube.ide.mcu.externaltools.gnu-tools-for-stm32.11.3.rel1.win32_1.1.0.202305231506/tools/bin/../lib/gcc/arm-none-eabi/11.3.1/../../../../arm-none-eabi/lib/thumb/v7e-m+fp/hard\libc_nano.a(libc_a-mlock.o)
                              D:/ST/STM32CubeIDE_1.12.1/STM32CubeIDE/plugins/com.st.stm32cube.ide.mcu.externaltools.gnu-tools-for-stm32.11.3.rel1.win32_1.1.0.202305231506/tools/bin/../lib/gcc/arm-none-eabi/11.3.1/../../../../arm-none-eabi/lib/thumb/v7e-m+fp/hard\libc_nano.a(libc_a-mallocr.o) (__malloc_lock)
D:/ST/STM32CubeIDE_1.12.1/STM32CubeIDE/plugins/com.st.stm32cube.ide.mcu.externaltools.gnu-tools-for-stm32.11.3.rel1.win32_1.1.0.202305231506/tools/bin/../lib/gcc/arm-none-eabi/11.3.1/../../../../arm-none-eabi/lib/thumb/v7e-m+fp/hard\libc_nano.a(libc_a-findfp.o)
                              D:/ST/STM32CubeIDE_1.12.1/STM32CubeIDE/plugins/com.st.stm32cube.ide.mcu.externaltools.gnu-tools-for-stm32.11.3.rel1.win32_1.1.0.202305231506/tools/bin/../lib/gcc/arm-none-eabi/11.3.1/../../../../arm-none-eabi/lib/thumb/v7e-m+fp/hard\libc_nano.a(libc_a-exit.o) (__stdio_exit_handler)
D:/ST/STM32CubeIDE_1.12.1/STM32CubeIDE/plugins/com.st.stm32cube.ide.mcu.externaltools.gnu-tools-for-stm32.11.3.rel1.win32_1.1.0.202305231506/tools/bin/../lib/gcc/arm-none-eabi/11.3.1/../../../../arm-none-eabi/lib/thumb/v7e-m+fp/hard\libc_nano.a(libc_a-fwalk.o)
                              D:/ST/STM32CubeIDE_1.12.1/STM32CubeIDE/plugins/com.st.stm32cube.ide.mcu.externaltools.gnu-tools-for-stm32.11.3.rel1.win32_1.1.0.202305231506/tools/bin/../lib/gcc/arm-none-eabi/11.3.1/../../../../arm-none-eabi/lib/thumb/v7e-m+fp/hard\libc_nano.a(libc_a-findfp.o) (_fwalk_sglue)
D:/ST/STM32CubeIDE_1.12.1/STM32CubeIDE/plugins/com.st.stm32cube.ide.mcu.externaltools.gnu-tools-for-stm32.11.3.rel1.win32_1.1.0.202305231506/tools/bin/../lib/gcc/arm-none-eabi/11.3.1/../../../../arm-none-eabi/lib/thumb/v7e-m+fp/hard\libc_nano.a(libc_a-stdio.o)
                              D:/ST/STM32CubeIDE_1.12.1/STM32CubeIDE/plugins/com.st.stm32cube.ide.mcu.externaltools.gnu-tools-for-stm32.11.3.rel1.win32_1.1.0.202305231506/tools/bin/../lib/gcc/arm-none-eabi/11.3.1/../../../../arm-none-eabi/lib/thumb/v7e-m+fp/hard\libc_nano.a(libc_a-findfp.o) (__sread)
[...]
Memory Configuration

Name             Origin             Length             Attributes
RAM              0x0000000020000000 0x0000000000020000 xrw
FLASH            0x0000000008000000 0x0000000000080000 xr
*default*        0x0000000000000000 0xffffffffffffffff

Linker script and memory map

LOAD D:/ST/STM32CubeIDE_1.12.1/STM32CubeIDE/plugins/com.st.stm32cube.ide.mcu.externaltools.gnu-tools-for-stm32.11.3.rel1.win32_1.1.0.202305231506/tools/bin/../lib/gcc/arm-none-eabi/11.3.1/thumb/v7e-m+fp/hard/crti.o
LOAD D:/ST/STM32CubeIDE_1.12.1/STM32CubeIDE/plugins/com.st.stm32cube.ide.mcu.externaltools.gnu-tools-for-stm32.11.3.rel1.win32_1.1.0.202305231506/tools/bin/../lib/gcc/arm-none-eabi/11.3.1/thumb/v7e-m+fp/hard/crtbegin.o
LOAD D:/ST/STM32CubeIDE_1.12.1/STM32CubeIDE/plugins/com.st.stm32cube.ide.mcu.externaltools.gnu-tools-for-stm32.11.3.rel1.win32_1.1.0.202305231506/tools/bin/../lib/gcc/arm-none-eabi/11.3.1/../../../../arm-none-eabi/lib/thumb/v7e-m+fp/hard/crt0.o
LOAD ./Core/Inc/Sensors/BNO055_HAL/BNO055_HAL.o
LOAD ./Core/Src/main.o
LOAD ./Core/Src/stm32f4xx_hal_msp.o
LOAD ./Core/Src/stm32f4xx_it.o
LOAD ./Core/Src/syscalls.o
LOAD ./Core/Src/sysmem.o
LOAD ./Core/Src/system_stm32f4xx.o
LOAD ./Core/Startup/startup_stm32f411retx.o
LOAD ./Drivers/STM32F4xx_HAL_Driver/Src/stm32f4xx_hal.o
LOAD ./Drivers/STM32F4xx_HAL_Driver/Src/stm32f4xx_hal_cortex.o
LOAD ./Drivers/STM32F4xx_HAL_Driver/Src/stm32f4xx_hal_dma.o
LOAD ./Drivers/STM32F4xx_HAL_Driver/Src/stm32f4xx_hal_dma_ex.o
LOAD ./Drivers/STM32F4xx_HAL_Driver/Src/stm32f4xx_hal_exti.o
LOAD ./Drivers/STM32F4xx_HAL_Driver/Src/stm32f4xx_hal_flash.o
LOAD ./Drivers/STM32F4xx_HAL_Driver/Src/stm32f4xx_hal_flash_ex.o
LOAD ./Drivers/STM32F4xx_HAL_Driver/Src/stm32f4xx_hal_flash_ramfunc.o
LOAD ./Drivers/STM32F4xx_HAL_Driver/Src/stm32f4xx_hal_gpio.o
LOAD ./Drivers/STM32F4xx_HAL_Driver/Src/stm32f4xx_hal_i2c.o
LOAD ./Drivers/STM32F4xx_HAL_Driver/Src/stm32f4xx_hal_i2c_ex.o
LOAD ./Drivers/STM32F4xx_HAL_Driver/Src/stm32f4xx_hal_pcd.o
LOAD ./Drivers/STM32F4xx_HAL_Driver/Src/stm32f4xx_hal_pcd_ex.o
LOAD ./Drivers/STM32F4xx_HAL_Driver/Src/stm32f4xx_hal_pwr.o
LOAD ./Drivers/STM32F4xx_HAL_Driver/Src/stm32f4xx_hal_pwr_ex.o
LOAD ./Drivers/STM32F4xx_HAL_Driver/Src/stm32f4xx_hal_rcc.o
LOAD ./Drivers/STM32F4xx_HAL_Driver/Src/stm32f4xx_hal_rcc_ex.o
LOAD ./Drivers/STM32F4xx_HAL_Driver/Src/stm32f4xx_hal_tim.o
LOAD ./Drivers/STM32F4xx_HAL_Driver/Src/stm32f4xx_hal_tim_ex.o
LOAD ./Drivers/STM32F4xx_HAL_Driver/Src/stm32f4xx_hal_uart.o
LOAD ./Drivers/STM32F4xx_HAL_Driver/Src/stm32f4xx_ll_usb.o
LOAD ./Middlewares/ST/STM32_USB_Device_Library/Class/CDC/Src/usbd_cdc.o
LOAD ./Middlewares/ST/STM32_USB_Device_Library/Core/Src/usbd_core.o
LOAD ./Middlewares/ST/STM32_USB_Device_Library/Core/Src/usbd_ctlreq.o
LOAD ./Middlewares/ST/STM32_USB_Device_Library/Core/Src/usbd_ioreq.o
LOAD ./USB_DEVICE/App/usb_device.o
LOAD ./USB_DEVICE/App/usbd_cdc_if.o
LOAD ./USB_DEVICE/App/usbd_desc.o
LOAD ./USB_DEVICE/Target/usbd_conf.o
START GROUP
LOAD D:/ST/STM32CubeIDE_1.12.1/STM32CubeIDE/plugins/com.st.stm32cube.ide.mcu.externaltools.gnu-tools-for-stm32.11.3.rel1.win32_1.1.0.202305231506/tools/bin/../lib/gcc/arm-none-eabi/11.3.1/../../../../arm-none-eabi/lib/thumb/v7e-m+fp/hard\libstdc++_nano.a
LOAD D:/ST/STM32CubeIDE_1.12.1/STM32CubeIDE/plugins/com.st.stm32cube.ide.mcu.externaltools.gnu-tools-for-stm32.11.3.rel1.win32_1.1.0.202305231506/tools/bin/../lib/gcc/arm-none-eabi/11.3.1/../../../../arm-none-eabi/lib/thumb/v7e-m+fp/hard\libsupc++_nano.a
END GROUP
LOAD D:/ST/STM32CubeIDE_1.12.1/STM32CubeIDE/plugins/com.st.stm32cube.ide.mcu.externaltools.gnu-tools-for-stm32.11.3.rel1.win32_1.1.0.202305231506/tools/bin/../lib/gcc/arm-none-eabi/11.3.1/../../../../arm-none-eabi/lib/thumb/v7e-m+fp/hard\libstdc++_nano.a
LOAD D:/ST/STM32CubeIDE_1.12.1/STM32CubeIDE/plugins/com.st.stm32cube.ide.mcu.externaltools.gnu-tools-for-stm32.11.3.rel1.win32_1.1.0.202305231506/tools/bin/../lib/gcc/arm-none-eabi/11.3.1/../../../../arm-none-eabi/lib/thumb/v7e-m+fp/hard\libm.a
LOAD D:/ST/STM32CubeIDE_1.12.1/STM32CubeIDE/plugins/com.st.stm32cube.ide.mcu.externaltools.gnu-tools-for-stm32.11.3.rel1.win32_1.1.0.202305231506/tools/bin/../lib/gcc/arm-none-eabi/11.3.1/../../../../arm-none-eabi/lib/thumb/v7e-m+fp/hard\libc_nano.a
START GROUP
LOAD D:/ST/STM32CubeIDE_1.12.1/STM32CubeIDE/plugins/com.st.stm32cube.ide.mcu.externaltools.gnu-tools-for-stm32.11.3.rel1.win32_1.1.0.202305231506/tools/bin/../lib/gcc/arm-none-eabi/11.3.1/thumb/v7e-m+fp/hard\libgcc.a
LOAD D:/ST/STM32CubeIDE_1.12.1/STM32CubeIDE/plugins/com.st.stm32cube.ide.mcu.externaltools.gnu-tools-for-stm32.11.3.rel1.win32_1.1.0.202305231506/tools/bin/../lib/gcc/arm-none-eabi/11.3.1/../../../../arm-none-eabi/lib/thumb/v7e-m+fp/hard\libc_nano.a
END GROUP
START GROUP
LOAD D:/ST/STM32CubeIDE_1.12.1/STM32CubeIDE/plugins/com.st.stm32cube.ide.mcu.externaltools.gnu-tools-for-stm32.11.3.rel1.win32_1.1.0.202305231506/tools/bin/../lib/gcc/arm-none-eabi/11.3.1/thumb/v7e-m+fp/hard\libgcc.a
LOAD D:/ST/STM32CubeIDE_1.12.1/STM32CubeIDE/plugins/com.st.stm32cube.ide.mcu.externaltools.gnu-tools-for-stm32.11.3.rel1.win32_1.1.0.202305231506/tools/bin/../lib/gcc/arm-none-eabi/11.3.1/../../../../arm-none-eabi/lib/thumb/v7e-m+fp/hard\libc_nano.a
LOAD D:/ST/STM32CubeIDE_1.12.1/STM32CubeIDE/plugins/com.st.stm32cube.ide.mcu.externaltools.gnu-tools-for-stm32.11.3.rel1.win32_1.1.0.202305231506/tools/bin/../lib/gcc/arm-none-eabi/11.3.1/../../../../arm-none-eabi/lib/thumb/v7e-m+fp/hard\libnosys.a
END GROUP
START GROUP
LOAD D:/ST/STM32CubeIDE_1.12.1/STM32CubeIDE/plugins/com.st.stm32cube.ide.mcu.externaltools.gnu-tools-for-stm32.11.3.rel1.win32_1.1.0.202305231506/tools/bin/../lib/gcc/arm-none-eabi/11.3.1/thumb/v7e-m+fp/hard\libgcc.a
LOAD D:/ST/STM32CubeIDE_1.12.1/STM32CubeIDE/plugins/com.st.stm32cube.ide.mcu.externaltools.gnu-tools-for-stm32.11.3.rel1.win32_1.1.0.202305231506/tools/bin/../lib/gcc/arm-none-eabi/11.3.1/../../../../arm-none-eabi/lib/thumb/v7e-m+fp/hard\libc_nano.a
LOAD D:/ST/STM32CubeIDE_1.12.1/STM32CubeIDE/plugins/com.st.stm32cube.ide.mcu.externaltools.gnu-tools-for-stm32.11.3.rel1.win32_1.1.0.202305231506/tools/bin/../lib/gcc/arm-none-eabi/11.3.1/../../../../arm-none-eabi/lib/thumb/v7e-m+fp/hard\libnosys.a
END GROUP
LOAD D:/ST/STM32CubeIDE_1.12.1/STM32CubeIDE/plugins/com.st.stm32cube.ide.mcu.externaltools.gnu-tools-for-stm32.11.3.rel1.win32_1.1.0.202305231506/tools/bin/../lib/gcc/arm-none-eabi/11.3.1/thumb/v7e-m+fp/hard/crtend.o
LOAD D:/ST/STM32CubeIDE_1.12.1/STM32CubeIDE/plugins/com.st.stm32cube.ide.mcu.externaltools.gnu-tools-for-stm32.11.3.rel1.win32_1.1.0.202305231506/tools/bin/../lib/gcc/arm-none-eabi/11.3.1/thumb/v7e-m+fp/hard/crtn.o
                0x0000000020020000                _estack = (ORIGIN (RAM) + LENGTH (RAM))
                0x0000000000000200                _Min_Heap_Size = 0x200
                0x0000000000000400                _Min_Stack_Size = 0x400

.isr_vector     0x0000000008000000      0x198
                0x0000000008000000                . = ALIGN (0x4)
 *(.isr_vector)
 .isr_vector    0x0000000008000000      0x198 ./Core/Startup/startup_stm32f411retx.o
                0x0000000008000000                g_pfnVectors
                0x0000000008000198                . = ALIGN (0x4)

.text           0x0000000008000198     0x9120
                0x0000000008000198                . = ALIGN (0x4)
 *(.text)
 .text          0x0000000008000198       0x40 D:/ST/STM32CubeIDE_1.12.1/STM32CubeIDE/plugins/com.st.stm32cube.ide.mcu.externaltools.gnu-tools-for-stm32.11.3.rel1.win32_1.1.0.202305231506/tools/bin/../lib/gcc/arm-none-eabi/11.3.1/thumb/v7e-m+fp/hard/crtbegin.o
 .text          0x00000000080001d8       0x30 D:/ST/STM32CubeIDE_1.12.1/STM32CubeIDE/plugins/com.st.stm32cube.ide.mcu.externaltools.gnu-tools-for-stm32.11.3.rel1.win32_1.1.0.202305231506/tools/bin/../lib/gcc/arm-none-eabi/11.3.1/thumb/v7e-m+fp/hard\libgcc.a(_aeabi_uldivmod.o)
                0x00000000080001d8                __aeabi_uldivmod
 .text          0x0000000008000208      0x2c8 D:/ST/STM32CubeIDE_1.12.1/STM32CubeIDE/plugins/com.st.stm32cube.ide.mcu.externaltools.gnu-tools-for-stm32.11.3.rel1.win32_1.1.0.202305231506/tools/bin/../lib/gcc/arm-none-eabi/11.3.1/thumb/v7e-m+fp/hard\libgcc.a(_udivmoddi4.o)
                0x0000000008000208                __udivmoddi4
 .text          0x00000000080004d0        0x4 D:/ST/STM32CubeIDE_1.12.1/STM32CubeIDE/plugins/com.st.stm32cube.ide.mcu.externaltools.gnu-tools-for-stm32.11.3.rel1.win32_1.1.0.202305231506/tools/bin/../lib/gcc/arm-none-eabi/11.3.1/thumb/v7e-m+fp/hard\libgcc.a(_dvmd_tls.o)
                0x00000000080004d0                __aeabi_idiv0
                0x00000000080004d0                __aeabi_ldiv0
 *(.text*)
 .text.main     0x00000000080004d4       0x22 ./Core/Src/main.o
                0x00000000080004d4                main
 *fill*         0x00000000080004f6        0x2 
 .text.SystemClock_Config
                0x00000000080004f8       0xd0 ./Core/Src/main.o
                0x00000000080004f8                SystemClock_Config
 .text.MX_I2C1_Init
                0x00000000080005c8       0x5c ./Core/Src/main.o
 .text.MX_TIM11_Init
                0x0000000008000624       0x48 ./Core/Src/main.o
 .text.MX_USART2_UART_Init
                0x000000000800066c       0x54 ./Core/Src/main.o
 .text.MX_GPIO_Init
                0x00000000080006c0       0xec ./Core/Src/main.o
 .text.Error_Handler
                0x00000000080007ac        0xa ./Core/Src/main.o
                0x00000000080007ac                Error_Handler
 *fill*         0x00000000080007b6        0x2 
 .text.HAL_MspInit
                0x00000000080007b8       0x50 ./Core/Src/stm32f4xx_hal_msp.o
                0x00000000080007b8                HAL_MspInit
 .text.HAL_I2C_MspInit
                0x0000000008000808       0xa0 ./Core/Src/stm32f4xx_hal_msp.o
                0x0000000008000808                HAL_I2C_MspInit
 .text.HAL_TIM_Base_MspInit
                0x00000000080008a8       0x44 ./Core/Src/stm32f4xx_hal_msp.o
                0x00000000080008a8                HAL_TIM_Base_MspInit
 .text.HAL_UART_MspInit
                0x00000000080008ec       0x90 ./Core/Src/stm32f4xx_hal_msp.o
                0x00000000080008ec                HAL_UART_MspInit
 .text.NMI_Handler
                0x000000000800097c        0x6 ./Core/Src/stm32f4xx_it.o
                0x000000000800097c                NMI_Handler
 .text.HardFault_Handler
                0x0000000008000982        0x6 ./Core/Src/stm32f4xx_it.o
                0x0000000008000982                HardFault_Handler
 .text.MemManage_Handler
                0x0000000008000988        0x6 ./Core/Src/stm32f4xx_it.o
                0x0000000008000988                MemManage_Handler
 .text.BusFault_Handler
                0x000000000800098e        0x6 ./Core/Src/stm32f4xx_it.o
                0x000000000800098e                BusFault_Handler
 .text.UsageFault_Handler
                0x0000000008000994        0x6 ./Core/Src/stm32f4xx_it.o
                0x0000000008000994                UsageFault_Handler
 .text.SVC_Handler
                0x000000000800099a        0xe ./Core/Src/stm32f4xx_it.o
                0x000000000800099a                SVC_Handler
 .text.DebugMon_Handler
                0x00000000080009a8        0xe ./Core/Src/stm32f4xx_it.o
                0x00000000080009a8                DebugMon_Handler
 .text.PendSV_Handler
                0x00000000080009b6        0xe ./Core/Src/stm32f4xx_it.o
                0x00000000080009b6                PendSV_Handler
 .text.SysTick_Handler
                0x00000000080009c4        0xc ./Core/Src/stm32f4xx_it.o
                0x00000000080009c4                SysTick_Handler
 .text.I2C1_EV_IRQHandler
                0x00000000080009d0       0x14 ./Core/Src/stm32f4xx_it.o
                0x00000000080009d0                I2C1_EV_IRQHandler
 .text.EXTI15_10_IRQHandler
                0x00000000080009e4       0x10 ./Core/Src/stm32f4xx_it.o
                0x00000000080009e4                EXTI15_10_IRQHandler
 .text.OTG_FS_IRQHandler
                0x00000000080009f4       0x14 ./Core/Src/stm32f4xx_it.o
                0x00000000080009f4                OTG_FS_IRQHandler
 .text.SystemInit
                0x0000000008000a08       0x24 ./Core/Src/system_stm32f4xx.o
                0x0000000008000a08                SystemInit
 .text.Reset_Handler
                0x0000000008000a2c       0x50 ./Core/Startup/startup_stm32f411retx.o
                0x0000000008000a2c                Reset_Handler
 .text.Default_Handler
                0x0000000008000a7c        0x2 ./Core/Startup/startup_stm32f411retx.o
                0x0000000008000a7c                RTC_Alarm_IRQHandler
                0x0000000008000a7c                EXTI2_IRQHandler
                0x0000000008000a7c                SPI4_IRQHandler
                0x0000000008000a7c                TIM1_CC_IRQHandler
                0x0000000008000a7c                DMA2_Stream5_IRQHandler
                0x0000000008000a7c                DMA1_Stream5_IRQHandler
                0x0000000008000a7c                PVD_IRQHandler
                0x0000000008000a7c                SDIO_IRQHandler
                0x0000000008000a7c                TAMP_STAMP_IRQHandler
                0x0000000008000a7c                EXTI3_IRQHandler
                0x0000000008000a7c                TIM1_UP_TIM10_IRQHandler
                0x0000000008000a7c                I2C3_ER_IRQHandler
                0x0000000008000a7c                EXTI0_IRQHandler
                0x0000000008000a7c                I2C2_EV_IRQHandler
                0x0000000008000a7c                DMA1_Stream2_IRQHandler
                0x0000000008000a7c                FPU_IRQHandler
                0x0000000008000a7c                DMA2_Stream2_IRQHandler
                0x0000000008000a7c                SPI1_IRQHandler
                0x0000000008000a7c                TIM1_BRK_TIM9_IRQHandler
                0x0000000008000a7c                DMA2_Stream3_IRQHandler
                0x0000000008000a7c                USART6_IRQHandler
                0x0000000008000a7c                DMA2_Stream0_IRQHandler
                0x0000000008000a7c                TIM4_IRQHandler
                0x0000000008000a7c                DMA1_Stream6_IRQHandler
                0x0000000008000a7c                DMA1_Stream1_IRQHandler
                0x0000000008000a7c                TIM3_IRQHandler
                0x0000000008000a7c                RCC_IRQHandler
                0x0000000008000a7c                Default_Handler
                0x0000000008000a7c                ADC_IRQHandler
                0x0000000008000a7c                DMA1_Stream7_IRQHandler
                0x0000000008000a7c                SPI5_IRQHandler
                0x0000000008000a7c                TIM5_IRQHandler
                0x0000000008000a7c                DMA2_Stream7_IRQHandler
                0x0000000008000a7c                I2C3_EV_IRQHandler
                0x0000000008000a7c                EXTI9_5_IRQHandler
                0x0000000008000a7c                RTC_WKUP_IRQHandler
                0x0000000008000a7c                SPI2_IRQHandler
                0x0000000008000a7c                DMA1_Stream0_IRQHandler
                0x0000000008000a7c                EXTI4_IRQHandler
                0x0000000008000a7c                WWDG_IRQHandler
                0x0000000008000a7c                TIM2_IRQHandler
                0x0000000008000a7c                OTG_FS_WKUP_IRQHandler
                0x0000000008000a7c                TIM1_TRG_COM_TIM11_IRQHandler
                0x0000000008000a7c                EXTI1_IRQHandler
                0x0000000008000a7c                USART2_IRQHandler
                0x0000000008000a7c                I2C2_ER_IRQHandler
                0x0000000008000a7c                DMA2_Stream1_IRQHandler
                0x0000000008000a7c                FLASH_IRQHandler
                0x0000000008000a7c                DMA2_Stream4_IRQHandler
                0x0000000008000a7c                USART1_IRQHandler
                0x0000000008000a7c                SPI3_IRQHandler
                0x0000000008000a7c                DMA1_Stream4_IRQHandler
                0x0000000008000a7c                I2C1_ER_IRQHandler
                0x0000000008000a7c                DMA2_Stream6_IRQHandler
                0x0000000008000a7c                DMA1_Stream3_IRQHandler
 *fill*         0x0000000008000a7e        0x2 
 .text.HAL_Init
                0x0000000008000a80       0x44 ./Drivers/STM32F4xx_HAL_Driver/Src/stm32f4xx_hal.o
                0x0000000008000a80                HAL_Init
 .text.HAL_InitTick
                0x0000000008000ac4       0x60 ./Drivers/STM32F4xx_HAL_Driver/Src/stm32f4xx_hal.o
                0x0000000008000ac4                HAL_InitTick
 .text.HAL_IncTick
                0x0000000008000b24       0x28 ./Drivers/STM32F4xx_HAL_Driver/Src/stm32f4xx_hal.o
                0x0000000008000b24                HAL_IncTick
 .text.HAL_GetTick
                0x0000000008000b4c       0x18 ./Drivers/STM32F4xx_HAL_Driver/Src/stm32f4xx_hal.o
                0x0000000008000b4c                HAL_GetTick
 .text.HAL_Delay
                0x0000000008000b64       0x48 ./Drivers/STM32F4xx_HAL_Driver/Src/stm32f4xx_hal.o
                0x0000000008000b64                HAL_Delay
 .text.__NVIC_SetPriorityGrouping
                0x0000000008000bac       0x48 ./Drivers/STM32F4xx_HAL_Driver/Src/stm32f4xx_hal_cortex.o
 .text.__NVIC_GetPriorityGrouping
                0x0000000008000bf4       0x1c ./Drivers/STM32F4xx_HAL_Driver/Src/stm32f4xx_hal_cortex.o
 .text.__NVIC_EnableIRQ
                0x0000000008000c10       0x3c ./Drivers/STM32F4xx_HAL_Driver/Src/stm32f4xx_hal_cortex.o
 .text.__NVIC_SetPriority
                0x0000000008000c4c       0x54 ./Drivers/STM32F4xx_HAL_Driver/Src/stm32f4xx_hal_cortex.o
 .text.NVIC_EncodePriority
                0x0000000008000ca0       0x66 ./Drivers/STM32F4xx_HAL_Driver/Src/stm32f4xx_hal_cortex.o
 *fill*         0x0000000008000d06        0x2 
 .text.SysTick_Config
                0x0000000008000d08       0x44 ./Drivers/STM32F4xx_HAL_Driver/Src/stm32f4xx_hal_cortex.o
 .text.HAL_NVIC_SetPriorityGrouping
                0x0000000008000d4c       0x16 ./Drivers/STM32F4xx_HAL_Driver/Src/stm32f4xx_hal_cortex.o
                0x0000000008000d4c                HAL_NVIC_SetPriorityGrouping
 .text.HAL_NVIC_SetPriority
                0x0000000008000d62       0x38 ./Drivers/STM32F4xx_HAL_Driver/Src/stm32f4xx_hal_cortex.o
                0x0000000008000d62                HAL_NVIC_SetPriority
 .text.HAL_NVIC_EnableIRQ
                0x0000000008000d9a       0x1c ./Drivers/STM32F4xx_HAL_Driver/Src/stm32f4xx_hal_cortex.o
                0x0000000008000d9a                HAL_NVIC_EnableIRQ
 .text.HAL_SYSTICK_Config
                0x0000000008000db6       0x18 ./Drivers/STM32F4xx_HAL_Driver/Src/stm32f4xx_hal_cortex.o
                0x0000000008000db6                HAL_SYSTICK_Config
 .text.HAL_DMA_Abort_IT
                0x0000000008000dce       0x44 ./Drivers/STM32F4xx_HAL_Driver/Src/stm32f4xx_hal_dma.o
                0x0000000008000dce                HAL_DMA_Abort_IT
 .text.HAL_DMA_GetState
                0x0000000008000e12       0x1c ./Drivers/STM32F4xx_HAL_Driver/Src/stm32f4xx_hal_dma.o
                0x0000000008000e12                HAL_DMA_GetState
 *fill*         0x0000000008000e2e        0x2 
 .text.HAL_GPIO_Init
                0x0000000008000e30      0x308 ./Drivers/STM32F4xx_HAL_Driver/Src/stm32f4xx_hal_gpio.o
                0x0000000008000e30                HAL_GPIO_Init
 .text.HAL_GPIO_WritePin
                0x0000000008001138       0x32 ./Drivers/STM32F4xx_HAL_Driver/Src/stm32f4xx_hal_gpio.o
                0x0000000008001138                HAL_GPIO_WritePin
 *fill*         0x000000000800116a        0x2 
 .text.HAL_GPIO_EXTI_IRQHandler
                0x000000000800116c       0x30 ./Drivers/STM32F4xx_HAL_Driver/Src/stm32f4xx_hal_gpio.o
                0x000000000800116c                HAL_GPIO_EXTI_IRQHandler
 .text.HAL_GPIO_EXTI_Callback
                0x000000000800119c       0x16 ./Drivers/STM32F4xx_HAL_Driver/Src/stm32f4xx_hal_gpio.o
                0x000000000800119c                HAL_GPIO_EXTI_Callback
 *fill*         0x00000000080011b2        0x2 
 .text.HAL_I2C_Init
                0x00000000080011b4      0x288 ./Drivers/STM32F4xx_HAL_Driver/Src/stm32f4xx_hal_i2c.o
                0x00000000080011b4                HAL_I2C_Init
 .text.HAL_I2C_EV_IRQHandler
                0x000000000800143c      0x2a6 ./Drivers/STM32F4xx_HAL_Driver/Src/stm32f4xx_hal_i2c.o
                0x000000000800143c                HAL_I2C_EV_IRQHandler
 .text.HAL_I2C_MasterTxCpltCallback
                0x00000000080016e2       0x14 ./Drivers/STM32F4xx_HAL_Driver/Src/stm32f4xx_hal_i2c.o
                0x00000000080016e2                HAL_I2C_MasterTxCpltCallback
 .text.HAL_I2C_MasterRxCpltCallback
                0x00000000080016f6       0x14 ./Drivers/STM32F4xx_HAL_Driver/Src/stm32f4xx_hal_i2c.o
                0x00000000080016f6                HAL_I2C_MasterRxCpltCallback
 .text.HAL_I2C_SlaveTxCpltCallback
                0x000000000800170a       0x14 ./Drivers/STM32F4xx_HAL_Driver/Src/stm32f4xx_hal_i2c.o
                0x000000000800170a                HAL_I2C_SlaveTxCpltCallback
 .text.HAL_I2C_SlaveRxCpltCallback
                0x000000000800171e       0x14 ./Drivers/STM32F4xx_HAL_Driver/Src/stm32f4xx_hal_i2c.o
                0x000000000800171e                HAL_I2C_SlaveRxCpltCallback
 .text.HAL_I2C_AddrCallback
                0x0000000008001732       0x1c ./Drivers/STM32F4xx_HAL_Driver/Src/stm32f4xx_hal_i2c.o
                0x0000000008001732                HAL_I2C_AddrCallback
 .text.HAL_I2C_ListenCpltCallback
                0x000000000800174e       0x14 ./Drivers/STM32F4xx_HAL_Driver/Src/stm32f4xx_hal_i2c.o
                0x000000000800174e                HAL_I2C_ListenCpltCallback
 .text.HAL_I2C_MemTxCpltCallback
                0x0000000008001762       0x14 ./Drivers/STM32F4xx_HAL_Driver/Src/stm32f4xx_hal_i2c.o
                0x0000000008001762                HAL_I2C_MemTxCpltCallback
 .text.HAL_I2C_MemRxCpltCallback
                0x0000000008001776       0x14 ./Drivers/STM32F4xx_HAL_Driver/Src/stm32f4xx_hal_i2c.o
                0x0000000008001776                HAL_I2C_MemRxCpltCallback
 .text.HAL_I2C_ErrorCallback
                0x000000000800178a       0x14 ./Drivers/STM32F4xx_HAL_Driver/Src/stm32f4xx_hal_i2c.o
                0x000000000800178a                HAL_I2C_ErrorCallback
 .text.HAL_I2C_AbortCpltCallback
                0x000000000800179e       0x14 ./Drivers/STM32F4xx_HAL_Driver/Src/stm32f4xx_hal_i2c.o
                0x000000000800179e                HAL_I2C_AbortCpltCallback
 .text.I2C_MasterTransmit_TXE
                0x00000000080017b2      0x138 ./Drivers/STM32F4xx_HAL_Driver/Src/stm32f4xx_hal_i2c.o
 .text.I2C_MasterTransmit_BTF
                0x00000000080018ea       0xec ./Drivers/STM32F4xx_HAL_Driver/Src/stm32f4xx_hal_i2c.o
 .text.I2C_MemoryTransmit_TXE_BTF
                0x00000000080019d6      0x128 ./Drivers/STM32F4xx_HAL_Driver/Src/stm32f4xx_hal_i2c.o
 .text.I2C_MasterReceive_RXNE
                0x0000000008001afe      0x176 ./Drivers/STM32F4xx_HAL_Driver/Src/stm32f4xx_hal_i2c.o
 .text.I2C_MasterReceive_BTF
                0x0000000008001c74      0x1d4 ./Drivers/STM32F4xx_HAL_Driver/Src/stm32f4xx_hal_i2c.o
 .text.I2C_Master_SB
                0x0000000008001e48      0x10c ./Drivers/STM32F4xx_HAL_Driver/Src/stm32f4xx_hal_i2c.o
 .text.I2C_Master_ADD10
                0x0000000008001f54       0x54 ./Drivers/STM32F4xx_HAL_Driver/Src/stm32f4xx_hal_i2c.o
 .text.I2C_Master_ADDR
                0x0000000008001fa8      0x322 ./Drivers/STM32F4xx_HAL_Driver/Src/stm32f4xx_hal_i2c.o
 .text.I2C_SlaveTransmit_TXE
                0x00000000080022ca       0x7a ./Drivers/STM32F4xx_HAL_Driver/Src/stm32f4xx_hal_i2c.o
 .text.I2C_SlaveTransmit_BTF
                0x0000000008002344       0x42 ./Drivers/STM32F4xx_HAL_Driver/Src/stm32f4xx_hal_i2c.o
 .text.I2C_SlaveReceive_RXNE
                0x0000000008002386       0x7c ./Drivers/STM32F4xx_HAL_Driver/Src/stm32f4xx_hal_i2c.o
 .text.I2C_SlaveReceive_BTF
                0x0000000008002402       0x44 ./Drivers/STM32F4xx_HAL_Driver/Src/stm32f4xx_hal_i2c.o
 .text.I2C_Slave_ADDR
                0x0000000008002446       0x90 ./Drivers/STM32F4xx_HAL_Driver/Src/stm32f4xx_hal_i2c.o
 *fill*         0x00000000080024d6        0x2 
 .text.I2C_Slave_STOPF
                0x00000000080024d8      0x260 ./Drivers/STM32F4xx_HAL_Driver/Src/stm32f4xx_hal_i2c.o
 .text.I2C_ITError
                0x0000000008002738      0x264 ./Drivers/STM32F4xx_HAL_Driver/Src/stm32f4xx_hal_i2c.o
 .text.I2C_DMAAbort
                0x000000000800299c      0x150 ./Drivers/STM32F4xx_HAL_Driver/Src/stm32f4xx_hal_i2c.o
 .text.I2C_WaitOnSTOPRequestThroughIT
                0x0000000008002aec       0x64 ./Drivers/STM32F4xx_HAL_Driver/Src/stm32f4xx_hal_i2c.o
 .text.I2C_ConvertOtherXferOptions
                0x0000000008002b50       0x36 ./Drivers/STM32F4xx_HAL_Driver/Src/stm32f4xx_hal_i2c.o
 .text.HAL_PCD_Init
                0x0000000008002b86      0x23a ./Drivers/STM32F4xx_HAL_Driver/Src/stm32f4xx_hal_pcd.o
                0x0000000008002b86                HAL_PCD_Init
 .text.HAL_PCD_Start
                0x0000000008002dc0       0x66 ./Drivers/STM32F4xx_HAL_Driver/Src/stm32f4xx_hal_pcd.o
                0x0000000008002dc0                HAL_PCD_Start
 .text.HAL_PCD_IRQHandler
                0x0000000008002e26      0x93e ./Drivers/STM32F4xx_HAL_Driver/Src/stm32f4xx_hal_pcd.o
                0x0000000008002e26                HAL_PCD_IRQHandler
 .text.HAL_PCD_SetAddress
                0x0000000008003764       0x4a ./Drivers/STM32F4xx_HAL_Driver/Src/stm32f4xx_hal_pcd.o
                0x0000000008003764                HAL_PCD_SetAddress
 .text.HAL_PCD_EP_Open
                0x00000000080037ae       0xd0 ./Drivers/STM32F4xx_HAL_Driver/Src/stm32f4xx_hal_pcd.o
                0x00000000080037ae                HAL_PCD_EP_Open
 .text.HAL_PCD_EP_Close
                0x000000000800387e       0x94 ./Drivers/STM32F4xx_HAL_Driver/Src/stm32f4xx_hal_pcd.o
                0x000000000800387e                HAL_PCD_EP_Close
 .text.HAL_PCD_EP_Receive
                0x0000000008003912       0x96 ./Drivers/STM32F4xx_HAL_Driver/Src/stm32f4xx_hal_pcd.o
                0x0000000008003912                HAL_PCD_EP_Receive
 .text.HAL_PCD_EP_GetRxCount
                0x00000000080039a8       0x30 ./Drivers/STM32F4xx_HAL_Driver/Src/stm32f4xx_hal_pcd.o
                0x00000000080039a8                HAL_PCD_EP_GetRxCount
 .text.HAL_PCD_EP_Transmit
                0x00000000080039d8       0x94 ./Drivers/STM32F4xx_HAL_Driver/Src/stm32f4xx_hal_pcd.o
                0x00000000080039d8                HAL_PCD_EP_Transmit
 .text.HAL_PCD_EP_SetStall
                0x0000000008003a6c       0xc8 ./Drivers/STM32F4xx_HAL_Driver/Src/stm32f4xx_hal_pcd.o
                0x0000000008003a6c                HAL_PCD_EP_SetStall
 .text.HAL_PCD_EP_ClrStall
                0x0000000008003b34       0xac ./Drivers/STM32F4xx_HAL_Driver/Src/stm32f4xx_hal_pcd.o
                0x0000000008003b34                HAL_PCD_EP_ClrStall
 .text.HAL_PCD_EP_Abort
                0x0000000008003be0       0x62 ./Drivers/STM32F4xx_HAL_Driver/Src/stm32f4xx_hal_pcd.o
                0x0000000008003be0                HAL_PCD_EP_Abort
 .text.PCD_WriteEmptyTxFifo
                0x0000000008003c42      0x11a ./Drivers/STM32F4xx_HAL_Driver/Src/stm32f4xx_hal_pcd.o
 .text.PCD_EP_OutXfrComplete_int
                0x0000000008003d5c      0x1d0 ./Drivers/STM32F4xx_HAL_Driver/Src/stm32f4xx_hal_pcd.o
 .text.PCD_EP_OutSetupPacket_int
                0x0000000008003f2c       0x8c ./Drivers/STM32F4xx_HAL_Driver/Src/stm32f4xx_hal_pcd.o
 .text.HAL_PCDEx_SetTxFiFo
                0x0000000008003fb8       0x8e ./Drivers/STM32F4xx_HAL_Driver/Src/stm32f4xx_hal_pcd_ex.o
                0x0000000008003fb8                HAL_PCDEx_SetTxFiFo
 .text.HAL_PCDEx_SetRxFiFo
                0x0000000008004046       0x22 ./Drivers/STM32F4xx_HAL_Driver/Src/stm32f4xx_hal_pcd_ex.o
                0x0000000008004046                HAL_PCDEx_SetRxFiFo
 .text.HAL_PCDEx_LPM_Callback
                0x0000000008004068       0x18 ./Drivers/STM32F4xx_HAL_Driver/Src/stm32f4xx_hal_pcd_ex.o
                0x0000000008004068                HAL_PCDEx_LPM_Callback
 .text.HAL_RCC_OscConfig
                0x0000000008004080      0x4f0 ./Drivers/STM32F4xx_HAL_Driver/Src/stm32f4xx_hal_rcc.o
                0x0000000008004080                HAL_RCC_OscConfig
 .text.HAL_RCC_ClockConfig
                0x0000000008004570      0x1cc ./Drivers/STM32F4xx_HAL_Driver/Src/stm32f4xx_hal_rcc.o
                0x0000000008004570                HAL_RCC_ClockConfig
 .text.HAL_RCC_GetSysClockFreq
                0x000000000800473c      0x20c ./Drivers/STM32F4xx_HAL_Driver/Src/stm32f4xx_hal_rcc.o
                0x000000000800473c                HAL_RCC_GetSysClockFreq
 .text.HAL_RCC_GetHCLKFreq
                0x0000000008004948       0x18 ./Drivers/STM32F4xx_HAL_Driver/Src/stm32f4xx_hal_rcc.o
                0x0000000008004948                HAL_RCC_GetHCLKFreq
 .text.HAL_RCC_GetPCLK1Freq
                0x0000000008004960       0x28 ./Drivers/STM32F4xx_HAL_Driver/Src/stm32f4xx_hal_rcc.o
                0x0000000008004960                HAL_RCC_GetPCLK1Freq
 .text.HAL_RCC_GetPCLK2Freq
                0x0000000008004988       0x28 ./Drivers/STM32F4xx_HAL_Driver/Src/stm32f4xx_hal_rcc.o
                0x0000000008004988                HAL_RCC_GetPCLK2Freq
 .text.HAL_TIM_Base_Init
                0x00000000080049b0       0x9e ./Drivers/STM32F4xx_HAL_Driver/Src/stm32f4xx_hal_tim.o
                0x00000000080049b0                HAL_TIM_Base_Init
 *fill*         0x0000000008004a4e        0x2 
 .text.TIM_Base_SetConfig
                0x0000000008004a50      0x100 ./Drivers/STM32F4xx_HAL_Driver/Src/stm32f4xx_hal_tim.o
                0x0000000008004a50                TIM_Base_SetConfig
 .text.HAL_UART_Init
                0x0000000008004b50       0x9a ./Drivers/STM32F4xx_HAL_Driver/Src/stm32f4xx_hal_uart.o
                0x0000000008004b50                HAL_UART_Init
 *fill*         0x0000000008004bea        0x2 
 .text.UART_SetConfig
                0x0000000008004bec      0x4e8 ./Drivers/STM32F4xx_HAL_Driver/Src/stm32f4xx_hal_uart.o
 .text.USB_CoreInit
                0x00000000080050d4       0xc2 ./Drivers/STM32F4xx_HAL_Driver/Src/stm32f4xx_ll_usb.o
                0x00000000080050d4                USB_CoreInit
 *fill*         0x0000000008005196        0x2 
 .text.USB_SetTurnaroundTime
                0x0000000008005198      0x144 ./Drivers/STM32F4xx_HAL_Driver/Src/stm32f4xx_ll_usb.o
                0x0000000008005198                USB_SetTurnaroundTime
 .text.USB_EnableGlobalInt
                0x00000000080052dc       0x22 ./Drivers/STM32F4xx_HAL_Driver/Src/stm32f4xx_ll_usb.o
                0x00000000080052dc                USB_EnableGlobalInt
 .text.USB_DisableGlobalInt
                0x00000000080052fe       0x22 ./Drivers/STM32F4xx_HAL_Driver/Src/stm32f4xx_ll_usb.o
                0x00000000080052fe                USB_DisableGlobalInt
 .text.USB_SetCurrentMode
                0x0000000008005320       0x98 ./Drivers/STM32F4xx_HAL_Driver/Src/stm32f4xx_ll_usb.o
                0x0000000008005320                USB_SetCurrentMode
 .text.USB_DevInit
                0x00000000080053b8      0x2c8 ./Drivers/STM32F4xx_HAL_Driver/Src/stm32f4xx_ll_usb.o
                0x00000000080053b8                USB_DevInit
 .text.USB_FlushTxFifo
                0x0000000008005680       0x68 ./Drivers/STM32F4xx_HAL_Driver/Src/stm32f4xx_ll_usb.o
                0x0000000008005680                USB_FlushTxFifo
 .text.USB_FlushRxFifo
                0x00000000080056e8       0x60 ./Drivers/STM32F4xx_HAL_Driver/Src/stm32f4xx_ll_usb.o
                0x00000000080056e8                USB_FlushRxFifo
 .text.USB_SetDevSpeed
                0x0000000008005748       0x32 ./Drivers/STM32F4xx_HAL_Driver/Src/stm32f4xx_ll_usb.o
                0x0000000008005748                USB_SetDevSpeed
 .text.USB_GetDevSpeed
                0x000000000800577a       0x4a ./Drivers/STM32F4xx_HAL_Driver/Src/stm32f4xx_ll_usb.o
                0x000000000800577a                USB_GetDevSpeed
 .text.USB_ActivateEndpoint
                0x00000000080057c4      0x10e ./Drivers/STM32F4xx_HAL_Driver/Src/stm32f4xx_ll_usb.o
                0x00000000080057c4                USB_ActivateEndpoint
 *fill*         0x00000000080058d2        0x2 
 .text.USB_DeactivateEndpoint
                0x00000000080058d4      0x1b8 ./Drivers/STM32F4xx_HAL_Driver/Src/stm32f4xx_ll_usb.o
                0x00000000080058d4                USB_DeactivateEndpoint
 .text.USB_EPStartXfer
                0x0000000008005a8c      0x490 ./Drivers/STM32F4xx_HAL_Driver/Src/stm32f4xx_ll_usb.o
                0x0000000008005a8c                USB_EPStartXfer
 .text.USB_EP0StartXfer
                0x0000000008005f1c      0x2b0 ./Drivers/STM32F4xx_HAL_Driver/Src/stm32f4xx_ll_usb.o
                0x0000000008005f1c                USB_EP0StartXfer
 .text.USB_EPStopXfer
                0x00000000080061cc      0x154 ./Drivers/STM32F4xx_HAL_Driver/Src/stm32f4xx_ll_usb.o
                0x00000000080061cc                USB_EPStopXfer
 .text.USB_WritePacket
                0x0000000008006320       0x7c ./Drivers/STM32F4xx_HAL_Driver/Src/stm32f4xx_ll_usb.o
                0x0000000008006320                USB_WritePacket
 .text.USB_ReadPacket
                0x000000000800639c       0xb0 ./Drivers/STM32F4xx_HAL_Driver/Src/stm32f4xx_ll_usb.o
                0x000000000800639c                USB_ReadPacket
 .text.USB_EPSetStall
                0x000000000800644c       0xdc ./Drivers/STM32F4xx_HAL_Driver/Src/stm32f4xx_ll_usb.o
                0x000000000800644c                USB_EPSetStall
 .text.USB_EPClearStall
                0x0000000008006528       0xcc ./Drivers/STM32F4xx_HAL_Driver/Src/stm32f4xx_ll_usb.o
                0x0000000008006528                USB_EPClearStall
 .text.USB_SetDevAddress
                0x00000000080065f4       0x4c ./Drivers/STM32F4xx_HAL_Driver/Src/stm32f4xx_ll_usb.o
                0x00000000080065f4                USB_SetDevAddress
 .text.USB_DevConnect
                0x0000000008006640       0x42 ./Drivers/STM32F4xx_HAL_Driver/Src/stm32f4xx_ll_usb.o
                0x0000000008006640                USB_DevConnect
 .text.USB_DevDisconnect
                0x0000000008006682       0x42 ./Drivers/STM32F4xx_HAL_Driver/Src/stm32f4xx_ll_usb.o
                0x0000000008006682                USB_DevDisconnect
 .text.USB_ReadInterrupts
                0x00000000080066c4       0x26 ./Drivers/STM32F4xx_HAL_Driver/Src/stm32f4xx_ll_usb.o
                0x00000000080066c4                USB_ReadInterrupts
 .text.USB_ReadDevAllOutEpInterrupt
                0x00000000080066ea       0x34 ./Drivers/STM32F4xx_HAL_Driver/Src/stm32f4xx_ll_usb.o
                0x00000000080066ea                USB_ReadDevAllOutEpInterrupt
 .text.USB_ReadDevAllInEpInterrupt
                0x000000000800671e       0x34 ./Drivers/STM32F4xx_HAL_Driver/Src/stm32f4xx_ll_usb.o
                0x000000000800671e                USB_ReadDevAllInEpInterrupt
 .text.USB_ReadDevOutEPInterrupt
                0x0000000008006752       0x3c ./Drivers/STM32F4xx_HAL_Driver/Src/stm32f4xx_ll_usb.o
                0x0000000008006752                USB_ReadDevOutEPInterrupt
 .text.USB_ReadDevInEPInterrupt
                0x000000000800678e       0x5c ./Drivers/STM32F4xx_HAL_Driver/Src/stm32f4xx_ll_usb.o
                0x000000000800678e                USB_ReadDevInEPInterrupt
 .text.USB_GetMode
                0x00000000080067ea       0x1c ./Drivers/STM32F4xx_HAL_Driver/Src/stm32f4xx_ll_usb.o
                0x00000000080067ea                USB_GetMode
 .text.USB_ActivateSetup
                0x0000000008006806       0x46 ./Drivers/STM32F4xx_HAL_Driver/Src/stm32f4xx_ll_usb.o
                0x0000000008006806                USB_ActivateSetup
 .text.USB_EP0_OutStart
                0x000000000800684c       0xbc ./Drivers/STM32F4xx_HAL_Driver/Src/stm32f4xx_ll_usb.o
                0x000000000800684c                USB_EP0_OutStart
 .text.USB_CoreReset
                0x0000000008006908       0x68 ./Drivers/STM32F4xx_HAL_Driver/Src/stm32f4xx_ll_usb.o
 .text.USBD_CDC_Init
                0x0000000008006970      0x1f0 ./Middlewares/ST/STM32_USB_Device_Library/Class/CDC/Src/usbd_cdc.o
 .text.USBD_CDC_DeInit
                0x0000000008006b60      0x104 ./Middlewares/ST/STM32_USB_Device_Library/Class/CDC/Src/usbd_cdc.o
 .text.USBD_CDC_Setup
                0x0000000008006c64      0x1b8 ./Middlewares/ST/STM32_USB_Device_Library/Class/CDC/Src/usbd_cdc.o
 .text.USBD_CDC_DataIn
                0x0000000008006e1c       0xfe ./Middlewares/ST/STM32_USB_Device_Library/Class/CDC/Src/usbd_cdc.o
 .text.USBD_CDC_DataOut
                0x0000000008006f1a       0x70 ./Middlewares/ST/STM32_USB_Device_Library/Class/CDC/Src/usbd_cdc.o
 .text.USBD_CDC_EP0_RxReady
                0x0000000008006f8a       0x76 ./Middlewares/ST/STM32_USB_Device_Library/Class/CDC/Src/usbd_cdc.o
 .text.USBD_CDC_GetFSCfgDesc
                0x0000000008007000       0x70 ./Middlewares/ST/STM32_USB_Device_Library/Class/CDC/Src/usbd_cdc.o
 .text.USBD_CDC_GetHSCfgDesc
                0x0000000008007070       0x70 ./Middlewares/ST/STM32_USB_Device_Library/Class/CDC/Src/usbd_cdc.o
 .text.USBD_CDC_GetOtherSpeedCfgDesc
                0x00000000080070e0       0x70 ./Middlewares/ST/STM32_USB_Device_Library/Class/CDC/Src/usbd_cdc.o
 .text.USBD_CDC_GetDeviceQualifierDescriptor
                0x0000000008007150       0x20 ./Middlewares/ST/STM32_USB_Device_Library/Class/CDC/Src/usbd_cdc.o
                0x0000000008007150                USBD_CDC_GetDeviceQualifierDescriptor
 .text.USBD_CDC_RegisterInterface
                0x0000000008007170       0x34 ./Middlewares/ST/STM32_USB_Device_Library/Class/CDC/Src/usbd_cdc.o
                0x0000000008007170                USBD_CDC_RegisterInterface
 .text.USBD_CDC_SetTxBuffer
                0x00000000080071a4       0x44 ./Middlewares/ST/STM32_USB_Device_Library/Class/CDC/Src/usbd_cdc.o
                0x00000000080071a4                USBD_CDC_SetTxBuffer
 .text.USBD_CDC_SetRxBuffer
                0x00000000080071e8       0x3a ./Middlewares/ST/STM32_USB_Device_Library/Class/CDC/Src/usbd_cdc.o
                0x00000000080071e8                USBD_CDC_SetRxBuffer
 *fill*         0x0000000008007222        0x2 
 .text.USBD_CDC_ReceivePacket
                0x0000000008007224       0x6c ./Middlewares/ST/STM32_USB_Device_Library/Class/CDC/Src/usbd_cdc.o
                0x0000000008007224                USBD_CDC_ReceivePacket
 .text.USBD_Init
                0x0000000008007290       0x60 ./Middlewares/ST/STM32_USB_Device_Library/Core/Src/usbd_core.o
                0x0000000008007290                USBD_Init
 .text.USBD_RegisterClass
                0x00000000080072f0       0x6c ./Middlewares/ST/STM32_USB_Device_Library/Core/Src/usbd_core.o
                0x00000000080072f0                USBD_RegisterClass
 .text.USBD_Start
                0x000000000800735c       0x18 ./Middlewares/ST/STM32_USB_Device_Library/Core/Src/usbd_core.o
                0x000000000800735c                USBD_Start
 .text.USBD_RunTestMode
                0x0000000008007374       0x16 ./Middlewares/ST/STM32_USB_Device_Library/Core/Src/usbd_core.o
                0x0000000008007374                USBD_RunTestMode
 .text.USBD_SetClassConfig
                0x000000000800738a       0x38 ./Middlewares/ST/STM32_USB_Device_Library/Core/Src/usbd_core.o
                0x000000000800738a                USBD_SetClassConfig
 .text.USBD_ClrClassConfig
                0x00000000080073c2       0x34 ./Middlewares/ST/STM32_USB_Device_Library/Core/Src/usbd_core.o
                0x00000000080073c2                USBD_ClrClassConfig
 .text.USBD_LL_SetupStage
                0x00000000080073f6       0xaa ./Middlewares/ST/STM32_USB_Device_Library/Core/Src/usbd_core.o
                0x00000000080073f6                USBD_LL_SetupStage
 .text.USBD_LL_DataOutStage
                0x00000000080074a0      0x166 ./Middlewares/ST/STM32_USB_Device_Library/Core/Src/usbd_core.o
                0x00000000080074a0                USBD_LL_DataOutStage
 .text.USBD_LL_DataInStage
                0x0000000008007606      0x164 ./Middlewares/ST/STM32_USB_Device_Library/Core/Src/usbd_core.o
                0x0000000008007606                USBD_LL_DataInStage
 .text.USBD_LL_Reset
                0x000000000800776a       0xa4 ./Middlewares/ST/STM32_USB_Device_Library/Core/Src/usbd_core.o
                0x000000000800776a                USBD_LL_Reset
 .text.USBD_LL_SetSpeed
                0x000000000800780e       0x20 ./Middlewares/ST/STM32_USB_Device_Library/Core/Src/usbd_core.o
                0x000000000800780e                USBD_LL_SetSpeed
 .text.USBD_LL_Suspend
                0x000000000800782e       0x2c ./Middlewares/ST/STM32_USB_Device_Library/Core/Src/usbd_core.o
                0x000000000800782e                USBD_LL_Suspend
 .text.USBD_LL_Resume
                0x000000000800785a       0x30 ./Middlewares/ST/STM32_USB_Device_Library/Core/Src/usbd_core.o
                0x000000000800785a                USBD_LL_Resume
 .text.USBD_LL_SOF
                0x000000000800788a       0x40 ./Middlewares/ST/STM32_USB_Device_Library/Core/Src/usbd_core.o
                0x000000000800788a                USBD_LL_SOF
 .text.USBD_LL_IsoINIncomplete
                0x00000000080078ca       0x64 ./Middlewares/ST/STM32_USB_Device_Library/Core/Src/usbd_core.o
                0x00000000080078ca                USBD_LL_IsoINIncomplete
 .text.USBD_LL_IsoOUTIncomplete
                0x000000000800792e       0x64 ./Middlewares/ST/STM32_USB_Device_Library/Core/Src/usbd_core.o
                0x000000000800792e                USBD_LL_IsoOUTIncomplete
 .text.USBD_LL_DevConnected
                0x0000000008007992       0x16 ./Middlewares/ST/STM32_USB_Device_Library/Core/Src/usbd_core.o
                0x0000000008007992                USBD_LL_DevConnected
 .text.USBD_LL_DevDisconnected
                0x00000000080079a8       0x46 ./Middlewares/ST/STM32_USB_Device_Library/Core/Src/usbd_core.o
                0x00000000080079a8                USBD_LL_DevDisconnected
 .text.USBD_CoreFindIF
                0x00000000080079ee       0x1a ./Middlewares/ST/STM32_USB_Device_Library/Core/Src/usbd_core.o
                0x00000000080079ee                USBD_CoreFindIF
 .text.USBD_CoreFindEP
                0x0000000008007a08       0x1a ./Middlewares/ST/STM32_USB_Device_Library/Core/Src/usbd_core.o
                0x0000000008007a08                USBD_CoreFindEP
 .text.USBD_GetEpDesc
                0x0000000008007a22       0x74 ./Middlewares/ST/STM32_USB_Device_Library/Core/Src/usbd_core.o
                0x0000000008007a22                USBD_GetEpDesc
 .text.USBD_GetNextDesc
                0x0000000008007a96       0x3a ./Middlewares/ST/STM32_USB_Device_Library/Core/Src/usbd_core.o
                0x0000000008007a96                USBD_GetNextDesc
 .text.SWAPBYTE
                0x0000000008007ad0       0x3c ./Middlewares/ST/STM32_USB_Device_Library/Core/Src/usbd_ctlreq.o
 .text.USBD_StdDevReq
                0x0000000008007b0c       0xe4 ./Middlewares/ST/STM32_USB_Device_Library/Core/Src/usbd_ctlreq.o
                0x0000000008007b0c                USBD_StdDevReq
 .text.USBD_StdItfReq
                0x0000000008007bf0       0xd8 ./Middlewares/ST/STM32_USB_Device_Library/Core/Src/usbd_ctlreq.o
                0x0000000008007bf0                USBD_StdItfReq
 .text.USBD_StdEPReq
                0x0000000008007cc8      0x33a ./Middlewares/ST/STM32_USB_Device_Library/Core/Src/usbd_ctlreq.o
                0x0000000008007cc8                USBD_StdEPReq
 *fill*         0x0000000008008002        0x2 
 .text.USBD_GetDescriptor
                0x0000000008008004      0x2d4 ./Middlewares/ST/STM32_USB_Device_Library/Core/Src/usbd_ctlreq.o
 .text.USBD_SetAddress
                0x00000000080082d8       0x88 ./Middlewares/ST/STM32_USB_Device_Library/Core/Src/usbd_ctlreq.o
 .text.USBD_SetConfig
                0x0000000008008360      0x154 ./Middlewares/ST/STM32_USB_Device_Library/Core/Src/usbd_ctlreq.o
 .text.USBD_GetConfig
                0x00000000080084b4       0x6c ./Middlewares/ST/STM32_USB_Device_Library/Core/Src/usbd_ctlreq.o
 .text.USBD_GetStatus
                0x0000000008008520       0x68 ./Middlewares/ST/STM32_USB_Device_Library/Core/Src/usbd_ctlreq.o
 .text.USBD_SetFeature
                0x0000000008008588       0x52 ./Middlewares/ST/STM32_USB_Device_Library/Core/Src/usbd_ctlreq.o
 .text.USBD_ClrFeature
                0x00000000080085da       0x44 ./Middlewares/ST/STM32_USB_Device_Library/Core/Src/usbd_ctlreq.o
 .text.USBD_ParseSetupRequest
                0x000000000800861e       0x74 ./Middlewares/ST/STM32_USB_Device_Library/Core/Src/usbd_ctlreq.o
                0x000000000800861e                USBD_ParseSetupRequest
 .text.USBD_CtlError
                0x0000000008008692       0x22 ./Middlewares/ST/STM32_USB_Device_Library/Core/Src/usbd_ctlreq.o
                0x0000000008008692                USBD_CtlError
 .text.USBD_GetString
                0x00000000080086b4       0x8c ./Middlewares/ST/STM32_USB_Device_Library/Core/Src/usbd_ctlreq.o
                0x00000000080086b4                USBD_GetString
 .text.USBD_GetLen
                0x0000000008008740       0x34 ./Middlewares/ST/STM32_USB_Device_Library/Core/Src/usbd_ctlreq.o
 .text.USBD_CtlSendData
                0x0000000008008774       0x36 ./Middlewares/ST/STM32_USB_Device_Library/Core/Src/usbd_ioreq.o
                0x0000000008008774                USBD_CtlSendData
 .text.USBD_CtlContinueSendData
                0x00000000080087aa       0x22 ./Middlewares/ST/STM32_USB_Device_Library/Core/Src/usbd_ioreq.o
                0x00000000080087aa                USBD_CtlContinueSendData
 .text.USBD_CtlPrepareRx
                0x00000000080087cc       0x3a ./Middlewares/ST/STM32_USB_Device_Library/Core/Src/usbd_ioreq.o
                0x00000000080087cc                USBD_CtlPrepareRx
 .text.USBD_CtlContinueRx
                0x0000000008008806       0x22 ./Middlewares/ST/STM32_USB_Device_Library/Core/Src/usbd_ioreq.o
                0x0000000008008806                USBD_CtlContinueRx
 .text.USBD_CtlSendStatus
                0x0000000008008828       0x26 ./Middlewares/ST/STM32_USB_Device_Library/Core/Src/usbd_ioreq.o
                0x0000000008008828                USBD_CtlSendStatus
 .text.USBD_CtlReceiveStatus
                0x000000000800884e       0x26 ./Middlewares/ST/STM32_USB_Device_Library/Core/Src/usbd_ioreq.o
                0x000000000800884e                USBD_CtlReceiveStatus
 .text.MX_USB_DEVICE_Init
                0x0000000008008874       0x60 ./USB_DEVICE/App/usb_device.o
                0x0000000008008874                MX_USB_DEVICE_Init
 .text.CDC_Init_FS
                0x00000000080088d4       0x28 ./USB_DEVICE/App/usbd_cdc_if.o
 .text.CDC_DeInit_FS
                0x00000000080088fc       0x10 ./USB_DEVICE/App/usbd_cdc_if.o
 .text.CDC_Control_FS
                0x000000000800890c       0xbc ./USB_DEVICE/App/usbd_cdc_if.o
 .text.CDC_Receive_FS
                0x00000000080089c8       0x28 ./USB_DEVICE/App/usbd_cdc_if.o
 .text.CDC_TransmitCplt_FS
                0x00000000080089f0       0x22 ./USB_DEVICE/App/usbd_cdc_if.o
 *fill*         0x0000000008008a12        0x2 
 .text.USBD_FS_DeviceDescriptor
                0x0000000008008a14       0x24 ./USB_DEVICE/App/usbd_desc.o
                0x0000000008008a14                USBD_FS_DeviceDescriptor
 .text.USBD_FS_LangIDStrDescriptor
                0x0000000008008a38       0x24 ./USB_DEVICE/App/usbd_desc.o
                0x0000000008008a38                USBD_FS_LangIDStrDescriptor
 .text.USBD_FS_ProductStrDescriptor
                0x0000000008008a5c       0x3c ./USB_DEVICE/App/usbd_desc.o
                0x0000000008008a5c                USBD_FS_ProductStrDescriptor
 .text.USBD_FS_ManufacturerStrDescriptor
                0x0000000008008a98       0x28 ./USB_DEVICE/App/usbd_desc.o
                0x0000000008008a98                USBD_FS_ManufacturerStrDescriptor
 .text.USBD_FS_SerialStrDescriptor
                0x0000000008008ac0       0x24 ./USB_DEVICE/App/usbd_desc.o
                0x0000000008008ac0                USBD_FS_SerialStrDescriptor
 .text.USBD_FS_ConfigStrDescriptor
                0x0000000008008ae4       0x3c ./USB_DEVICE/App/usbd_desc.o
                0x0000000008008ae4                USBD_FS_ConfigStrDescriptor
 .text.USBD_FS_InterfaceStrDescriptor
                0x0000000008008b20       0x3c ./USB_DEVICE/App/usbd_desc.o
                0x0000000008008b20                USBD_FS_InterfaceStrDescriptor
 .text.Get_SerialNum
                0x0000000008008b5c       0x58 ./USB_DEVICE/App/usbd_desc.o
 .text.IntToUnicode
                0x0000000008008bb4       0x7e ./USB_DEVICE/App/usbd_desc.o
 *fill*         0x0000000008008c32        0x2 
 .text.HAL_PCD_MspInit
                0x0000000008008c34       0xa8 ./USB_DEVICE/Target/usbd_conf.o
                0x0000000008008c34                HAL_PCD_MspInit
 .text.HAL_PCD_SetupStageCallback
                0x0000000008008cdc       0x24 ./USB_DEVICE/Target/usbd_conf.o
                0x0000000008008cdc                HAL_PCD_SetupStageCallback
 .text.HAL_PCD_DataOutStageCallback
                0x0000000008008d00       0x36 ./USB_DEVICE/Target/usbd_conf.o
                0x0000000008008d00                HAL_PCD_DataOutStageCallback
 .text.HAL_PCD_DataInStageCallback
                0x0000000008008d36       0x34 ./USB_DEVICE/Target/usbd_conf.o
                0x0000000008008d36                HAL_PCD_DataInStageCallback
 .text.HAL_PCD_SOFCallback
                0x0000000008008d6a       0x1c ./USB_DEVICE/Target/usbd_conf.o
                0x0000000008008d6a                HAL_PCD_SOFCallback
 .text.HAL_PCD_ResetCallback
                0x0000000008008d86       0x3c ./USB_DEVICE/Target/usbd_conf.o
                0x0000000008008d86                HAL_PCD_ResetCallback
 *fill*         0x0000000008008dc2        0x2 
 .text.HAL_PCD_SuspendCallback
                0x0000000008008dc4       0x4c ./USB_DEVICE/Target/usbd_conf.o
                0x0000000008008dc4                HAL_PCD_SuspendCallback
 .text.HAL_PCD_ResumeCallback
                0x0000000008008e10       0x1c ./USB_DEVICE/Target/usbd_conf.o
                0x0000000008008e10                HAL_PCD_ResumeCallback
 .text.HAL_PCD_ISOOUTIncompleteCallback
                0x0000000008008e2c       0x24 ./USB_DEVICE/Target/usbd_conf.o
                0x0000000008008e2c                HAL_PCD_ISOOUTIncompleteCallback
 .text.HAL_PCD_ISOINIncompleteCallback
                0x0000000008008e50       0x24 ./USB_DEVICE/Target/usbd_conf.o
                0x0000000008008e50                HAL_PCD_ISOINIncompleteCallback
 .text.HAL_PCD_ConnectCallback
                0x0000000008008e74       0x1c ./USB_DEVICE/Target/usbd_conf.o
                0x0000000008008e74                HAL_PCD_ConnectCallback
 .text.HAL_PCD_DisconnectCallback
                0x0000000008008e90       0x1c ./USB_DEVICE/Target/usbd_conf.o
                0x0000000008008e90                HAL_PCD_DisconnectCallback
 .text.USBD_LL_Init
                0x0000000008008eac       0x98 ./USB_DEVICE/Target/usbd_conf.o
                0x0000000008008eac                USBD_LL_Init
 .text.USBD_LL_Start
                0x0000000008008f44       0x36 ./USB_DEVICE/Target/usbd_conf.o
                0x0000000008008f44                USBD_LL_Start
 .text.USBD_LL_OpenEP
                0x0000000008008f7a       0x4c ./USB_DEVICE/Target/usbd_conf.o
                0x0000000008008f7a                USBD_LL_OpenEP
 .text.USBD_LL_CloseEP
                0x0000000008008fc6       0x3e ./USB_DEVICE/Target/usbd_conf.o
                0x0000000008008fc6                USBD_LL_CloseEP
 .text.USBD_LL_StallEP
                0x0000000008009004       0x3e ./USB_DEVICE/Target/usbd_conf.o
                0x0000000008009004                USBD_LL_StallEP
 .text.USBD_LL_ClearStallEP
                0x0000000008009042       0x3e ./USB_DEVICE/Target/usbd_conf.o
                0x0000000008009042                USBD_LL_ClearStallEP
 .text.USBD_LL_IsStallEP
                0x0000000008009080       0x58 ./USB_DEVICE/Target/usbd_conf.o
                0x0000000008009080                USBD_LL_IsStallEP
 .text.USBD_LL_SetUSBAddress
                0x00000000080090d8       0x3e ./USB_DEVICE/Target/usbd_conf.o
                0x00000000080090d8                USBD_LL_SetUSBAddress
 .text.USBD_LL_Transmit
                0x0000000008009116       0x42 ./USB_DEVICE/Target/usbd_conf.o
                0x0000000008009116                USBD_LL_Transmit
 .text.USBD_LL_PrepareReceive
                0x0000000008009158       0x42 ./USB_DEVICE/Target/usbd_conf.o
                0x0000000008009158                USBD_LL_PrepareReceive
 .text.USBD_LL_GetRxDataSize
                0x000000000800919a       0x26 ./USB_DEVICE/Target/usbd_conf.o
                0x000000000800919a                USBD_LL_GetRxDataSize
 .text.USBD_static_malloc
                0x00000000080091c0       0x1c ./USB_DEVICE/Target/usbd_conf.o
                0x00000000080091c0                USBD_static_malloc
 .text.USBD_static_free
                0x00000000080091dc       0x14 ./USB_DEVICE/Target/usbd_conf.o
                0x00000000080091dc                USBD_static_free
 .text.USBD_Get_USB_Status
                0x00000000080091f0       0x58 ./USB_DEVICE/Target/usbd_conf.o
                0x00000000080091f0                USBD_Get_USB_Status
 .text.memset   0x0000000008009248       0x10 D:/ST/STM32CubeIDE_1.12.1/STM32CubeIDE/plugins/com.st.stm32cube.ide.mcu.externaltools.gnu-tools-for-stm32.11.3.rel1.win32_1.1.0.202305231506/tools/bin/../lib/gcc/arm-none-eabi/11.3.1/../../../../arm-none-eabi/lib/thumb/v7e-m+fp/hard\libc_nano.a(libc_a-memset.o)
                0x0000000008009248                memset
 .text.__libc_init_array
                0x0000000008009258       0x48 D:/ST/STM32CubeIDE_1.12.1/STM32CubeIDE/plugins/com.st.stm32cube.ide.mcu.externaltools.gnu-tools-for-stm32.11.3.rel1.win32_1.1.0.202305231506/tools/bin/../lib/gcc/arm-none-eabi/11.3.1/../../../../arm-none-eabi/lib/thumb/v7e-m+fp/hard\libc_nano.a(libc_a-init.o)
                0x0000000008009258                __libc_init_array
 *(.glue_7)
 .glue_7        0x00000000080092a0        0x0 linker stubs
 *(.glue_7t)
 .glue_7t       0x00000000080092a0        0x0 linker stubs
 *(.eh_frame)
 .eh_frame      0x00000000080092a0        0x0 D:/ST/STM32CubeIDE_1.12.1/STM32CubeIDE/plugins/com.st.stm32cube.ide.mcu.externaltools.gnu-tools-for-stm32.11.3.rel1.win32_1.1.0.202305231506/tools/bin/../lib/gcc/arm-none-eabi/11.3.1/thumb/v7e-m+fp/hard/crtbegin.o
 *(.init)
 .init          0x00000000080092a0        0x4 D:/ST/STM32CubeIDE_1.12.1/STM32CubeIDE/plugins/com.st.stm32cube.ide.mcu.externaltools.gnu-tools-for-stm32.11.3.rel1.win32_1.1.0.202305231506/tools/bin/../lib/gcc/arm-none-eabi/11.3.1/thumb/v7e-m+fp/hard/crti.o
                0x00000000080092a0                _init
 .init          0x00000000080092a4        0x8 D:/ST/STM32CubeIDE_1.12.1/STM32CubeIDE/plugins/com.st.stm32cube.ide.mcu.externaltools.gnu-tools-for-stm32.11.3.rel1.win32_1.1.0.202305231506/tools/bin/../lib/gcc/arm-none-eabi/11.3.1/thumb/v7e-m+fp/hard/crtn.o
 *(.fini)
 .fini          0x00000000080092ac        0x4 D:/ST/STM32CubeIDE_1.12.1/STM32CubeIDE/plugins/com.st.stm32cube.ide.mcu.externaltools.gnu-tools-for-stm32.11.3.rel1.win32_1.1.0.202305231506/tools/bin/../lib/gcc/arm-none-eabi/11.3.1/thumb/v7e-m+fp/hard/crti.o
                0x00000000080092ac                _fini
 .fini          0x00000000080092b0        0x8 D:/ST/STM32CubeIDE_1.12.1/STM32CubeIDE/plugins/com.st.stm32cube.ide.mcu.externaltools.gnu-tools-for-stm32.11.3.rel1.win32_1.1.0.202305231506/tools/bin/../lib/gcc/arm-none-eabi/11.3.1/thumb/v7e-m+fp/hard/crtn.o
                0x00000000080092b8                . = ALIGN (0x4)
                0x00000000080092b8                _etext = .

.vfp11_veneer   0x00000000080092b8        0x0
 .vfp11_veneer  0x00000000080092b8        0x0 linker stubs

.v4_bx          0x00000000080092b8        0x0
 .v4_bx         0x00000000080092b8        0x0 linker stubs

.iplt           0x00000000080092b8        0x0
 .iplt          0x00000000080092b8        0x0 D:/ST/STM32CubeIDE_1.12.1/STM32CubeIDE/plugins/com.st.stm32cube.ide.mcu.externaltools.gnu-tools-for-stm32.11.3.rel1.win32_1.1.0.202305231506/tools/bin/../lib/gcc/arm-none-eabi/11.3.1/thumb/v7e-m+fp/hard/crtbegin.o

.rodata         0x00000000080092b8       0x60
                0x00000000080092b8                . = ALIGN (0x4)
 *(.rodata)
 .rodata        0x00000000080092b8       0x46 ./USB_DEVICE/App/usbd_desc.o
 *(.rodata*)
 *fill*         0x00000000080092fe        0x2 
 .rodata.AHBPrescTable
                0x0000000008009300       0x10 ./Core/Src/system_stm32f4xx.o
                0x0000000008009300                AHBPrescTable
 .rodata.APBPrescTable
                0x0000000008009310        0x8 ./Core/Src/system_stm32f4xx.o
                0x0000000008009310                APBPrescTable
                0x0000000008009318                . = ALIGN (0x4)

.ARM.extab      0x0000000008009318        0x0
                0x0000000008009318                . = ALIGN (0x4)
 *(.ARM.extab* .gnu.linkonce.armextab.*)
                0x0000000008009318                . = ALIGN (0x4)

.ARM            0x0000000008009318        0x8
                0x0000000008009318                . = ALIGN (0x4)
                0x0000000008009318                __exidx_start = .
 *(.ARM.exidx*)
 .ARM.exidx     0x0000000008009318        0x8 D:/ST/STM32CubeIDE_1.12.1/STM32CubeIDE/plugins/com.st.stm32cube.ide.mcu.externaltools.gnu-tools-for-stm32.11.3.rel1.win32_1.1.0.202305231506/tools/bin/../lib/gcc/arm-none-eabi/11.3.1/thumb/v7e-m+fp/hard\libgcc.a(_udivmoddi4.o)
                0x0000000008009320                __exidx_end = .
                0x0000000008009320                . = ALIGN (0x4)

.rel.dyn        0x0000000008009320        0x0
 .rel.iplt      0x0000000008009320        0x0 D:/ST/STM32CubeIDE_1.12.1/STM32CubeIDE/plugins/com.st.stm32cube.ide.mcu.externaltools.gnu-tools-for-stm32.11.3.rel1.win32_1.1.0.202305231506/tools/bin/../lib/gcc/arm-none-eabi/11.3.1/thumb/v7e-m+fp/hard/crtbegin.o

.preinit_array  0x0000000008009320        0x0
                0x0000000008009320                . = ALIGN (0x4)
                0x0000000008009320                PROVIDE (__preinit_array_start = .)
 *(.preinit_array*)
                0x0000000008009320                PROVIDE (__preinit_array_end = .)
                0x0000000008009320                . = ALIGN (0x4)

.init_array     0x0000000008009320        0x4
                0x0000000008009320                . = ALIGN (0x4)
                0x0000000008009320                PROVIDE (__init_array_start = .)
 *(SORT_BY_NAME(.init_array.*))
 *(.init_array*)
 .init_array    0x0000000008009320        0x4 D:/ST/STM32CubeIDE_1.12.1/STM32CubeIDE/plugins/com.st.stm32cube.ide.mcu.externaltools.gnu-tools-for-stm32.11.3.rel1.win32_1.1.0.202305231506/tools/bin/../lib/gcc/arm-none-eabi/11.3.1/thumb/v7e-m+fp/hard/crtbegin.o
                0x0000000008009324                PROVIDE (__init_array_end = .)
                0x0000000008009324                . = ALIGN (0x4)

.fini_array     0x0000000008009324        0x4
                0x0000000008009324                . = ALIGN (0x4)
                [!provide]                        PROVIDE (__fini_array_start = .)
 *(SORT_BY_NAME(.fini_array.*))
 *(.fini_array*)
 .fini_array    0x0000000008009324        0x4 D:/ST/STM32CubeIDE_1.12.1/STM32CubeIDE/plugins/com.st.stm32cube.ide.mcu.externaltools.gnu-tools-for-stm32.11.3.rel1.win32_1.1.0.202305231506/tools/bin/../lib/gcc/arm-none-eabi/11.3.1/thumb/v7e-m+fp/hard/crtbegin.o
                [!provide]                        PROVIDE (__fini_array_end = .)
                0x0000000008009328                . = ALIGN (0x4)
                0x0000000008009328                _sidata = LOADADDR (.data)

.data           0x0000000020000000       0xfc load address 0x0000000008009328
                0x0000000020000000                . = ALIGN (0x4)
                0x0000000020000000                _sdata = .
 *(.data)
 *(.data*)
 .data.SystemCoreClock
                0x0000000020000000        0x4 ./Core/Src/system_stm32f4xx.o
                0x0000000020000000                SystemCoreClock
 .data.uwTickPrio
                0x0000000020000004        0x4 ./Drivers/STM32F4xx_HAL_Driver/Src/stm32f4xx_hal.o
                0x0000000020000004                uwTickPrio
 .data.uwTickFreq
                0x0000000020000008        0x1 ./Drivers/STM32F4xx_HAL_Driver/Src/stm32f4xx_hal.o
                0x0000000020000008                uwTickFreq
 *fill*         0x0000000020000009        0x3 
 .data.USBD_CDC_DeviceQualifierDesc
                0x000000002000000c        0xa ./Middlewares/ST/STM32_USB_Device_Library/Class/CDC/Src/usbd_cdc.o
 *fill*         0x0000000020000016        0x2 
 .data.USBD_CDC
                0x0000000020000018       0x38 ./Middlewares/ST/STM32_USB_Device_Library/Class/CDC/Src/usbd_cdc.o
                0x0000000020000018                USBD_CDC
 .data.USBD_CDC_CfgDesc
                0x0000000020000050       0x43 ./Middlewares/ST/STM32_USB_Device_Library/Class/CDC/Src/usbd_cdc.o
 .data.CDCInEpAdd
                0x0000000020000093        0x1 ./Middlewares/ST/STM32_USB_Device_Library/Class/CDC/Src/usbd_cdc.o
 .data.CDCOutEpAdd
                0x0000000020000094        0x1 ./Middlewares/ST/STM32_USB_Device_Library/Class/CDC/Src/usbd_cdc.o
 .data.CDCCmdEpAdd
                0x0000000020000095        0x1 ./Middlewares/ST/STM32_USB_Device_Library/Class/CDC/Src/usbd_cdc.o
 *fill*         0x0000000020000096        0x2 
 .data.USBD_Interface_fops_FS
                0x0000000020000098       0x14 ./USB_DEVICE/App/usbd_cdc_if.o
                0x0000000020000098                USBD_Interface_fops_FS
 .data.FS_Desc  0x00000000200000ac       0x1c ./USB_DEVICE/App/usbd_desc.o
                0x00000000200000ac                FS_Desc
 .data.USBD_FS_DeviceDesc
                0x00000000200000c8       0x12 ./USB_DEVICE/App/usbd_desc.o
                0x00000000200000c8                USBD_FS_DeviceDesc
 *fill*         0x00000000200000da        0x2 
 .data.USBD_LangIDDesc
                0x00000000200000dc        0x4 ./USB_DEVICE/App/usbd_desc.o
                0x00000000200000dc                USBD_LangIDDesc
 .data.USBD_StringSerial
                0x00000000200000e0       0x1a ./USB_DEVICE/App/usbd_desc.o
                0x00000000200000e0                USBD_StringSerial
 *(.RamFunc)
 *(.RamFunc*)
                0x00000000200000fc                . = ALIGN (0x4)
 *fill*         0x00000000200000fa        0x2 
                0x00000000200000fc                _edata = .

.igot.plt       0x00000000200000fc        0x0 load address 0x0000000008009424
 .igot.plt      0x00000000200000fc        0x0 D:/ST/STM32CubeIDE_1.12.1/STM32CubeIDE/plugins/com.st.stm32cube.ide.mcu.externaltools.gnu-tools-for-stm32.11.3.rel1.win32_1.1.0.202305231506/tools/bin/../lib/gcc/arm-none-eabi/11.3.1/thumb/v7e-m+fp/hard/crtbegin.o
                0x00000000200000fc                . = ALIGN (0x4)

.bss            0x00000000200000fc     0x1d0c load address 0x0000000008009424
                0x00000000200000fc                _sbss = .
                0x00000000200000fc                __bss_start__ = _sbss
 *(.bss)
 .bss           0x00000000200000fc       0x1c D:/ST/STM32CubeIDE_1.12.1/STM32CubeIDE/plugins/com.st.stm32cube.ide.mcu.externaltools.gnu-tools-for-stm32.11.3.rel1.win32_1.1.0.202305231506/tools/bin/../lib/gcc/arm-none-eabi/11.3.1/thumb/v7e-m+fp/hard/crtbegin.o
 *(.bss*)
 .bss.hi2c1     0x0000000020000118       0x54 ./Core/Src/main.o
                0x0000000020000118                hi2c1
 .bss.htim11    0x000000002000016c       0x48 ./Core/Src/main.o
                0x000000002000016c                htim11
 .bss.huart2    0x00000000200001b4       0x44 ./Core/Src/main.o
                0x00000000200001b4                huart2
 .bss.uwTick    0x00000000200001f8        0x4 ./Drivers/STM32F4xx_HAL_Driver/Src/stm32f4xx_hal.o
                0x00000000200001f8                uwTick
 .bss.cfgidx.0  0x00000000200001fc        0x1 ./Middlewares/ST/STM32_USB_Device_Library/Core/Src/usbd_ctlreq.o
 *fill*         0x00000000200001fd        0x3 
 .bss.hUsbDeviceFS
                0x0000000020000200      0x2dc ./USB_DEVICE/App/usb_device.o
                0x0000000020000200                hUsbDeviceFS
 .bss.UserRxBufferFS
                0x00000000200004dc      0x800 ./USB_DEVICE/App/usbd_cdc_if.o
                0x00000000200004dc                UserRxBufferFS
 .bss.UserTxBufferFS
                0x0000000020000cdc      0x800 ./USB_DEVICE/App/usbd_cdc_if.o
                0x0000000020000cdc                UserTxBufferFS
 .bss.USBD_StrDesc
                0x00000000200014dc      0x200 ./USB_DEVICE/App/usbd_desc.o
                0x00000000200014dc                USBD_StrDesc
 .bss.hpcd_USB_OTG_FS
                0x00000000200016dc      0x50c ./USB_DEVICE/Target/usbd_conf.o
                0x00000000200016dc                hpcd_USB_OTG_FS
 .bss.mem.0     0x0000000020001be8      0x220 ./USB_DEVICE/Target/usbd_conf.o
 *(COMMON)
                0x0000000020001e08                . = ALIGN (0x4)
                0x0000000020001e08                _ebss = .
                0x0000000020001e08                __bss_end__ = _ebss

._user_heap_stack
                0x0000000020001e08      0x600 load address 0x0000000008009424
                0x0000000020001e08                . = ALIGN (0x8)
                [!provide]                        PROVIDE (end = .)
                0x0000000020001e08                PROVIDE (_end = .)
                0x0000000020002008                . = (. + _Min_Heap_Size)
 *fill*         0x0000000020001e08      0x200 
                0x0000000020002408                . = (. + _Min_Stack_Size)
 *fill*         0x0000000020002008      0x400 
                0x0000000020002408                . = ALIGN (0x8)

/DISCARD/
 libc.a(*)
 libm.a(*)
 libgcc.a(*)

.ARM.attributes
                0x0000000000000000       0x30
 *(.ARM.attributes)
 .ARM.attributes
                0x0000000000000000       0x1e D:/ST/STM32CubeIDE_1.12.1/STM32CubeIDE/plugins/com.st.stm32cube.ide.mcu.externaltools.gnu-tools-for-stm32.11.3.rel1.win32_1.1.0.202305231506/tools/bin/../lib/gcc/arm-none-eabi/11.3.1/thumb/v7e-m+fp/hard/crti.o
 .ARM.attributes
                0x000000000000001e       0x34 D:/ST/STM32CubeIDE_1.12.1/STM32CubeIDE/plugins/com.st.stm32cube.ide.mcu.externaltools.gnu-tools-for-stm32.11.3.rel1.win32_1.1.0.202305231506/tools/bin/../lib/gcc/arm-none-eabi/11.3.1/thumb/v7e-m+fp/hard/crtbegin.o
 .ARM.attributes
                0x0000000000000052       0x34 ./Core/Src/main.o
 .ARM.attributes
                0x0000000000000086       0x34 ./Core/Src/stm32f4xx_hal_msp.o
 .ARM.attributes
                0x00000000000000ba       0x34 ./Core/Src/stm32f4xx_it.o
 .ARM.attributes
                0x00000000000000ee       0x34 ./Core/Src/system_stm32f4xx.o
 .ARM.attributes
                0x0000000000000122       0x21 ./Core/Startup/startup_stm32f411retx.o
 .ARM.attributes
                0x0000000000000143       0x34 ./Drivers/STM32F4xx_HAL_Driver/Src/stm32f4xx_hal.o
 .ARM.attributes
                0x0000000000000177       0x34 ./Drivers/STM32F4xx_HAL_Driver/Src/stm32f4xx_hal_cortex.o
 .ARM.attributes
                0x00000000000001ab       0x34 ./Drivers/STM32F4xx_HAL_Driver/Src/stm32f4xx_hal_dma.o
 .ARM.attributes
                0x00000000000001df       0x34 ./Drivers/STM32F4xx_HAL_Driver/Src/stm32f4xx_hal_gpio.o
 .ARM.attributes
                0x0000000000000213       0x34 ./Drivers/STM32F4xx_HAL_Driver/Src/stm32f4xx_hal_i2c.o
 .ARM.attributes
                0x0000000000000247       0x34 ./Drivers/STM32F4xx_HAL_Driver/Src/stm32f4xx_hal_pcd.o
 .ARM.attributes
                0x000000000000027b       0x34 ./Drivers/STM32F4xx_HAL_Driver/Src/stm32f4xx_hal_pcd_ex.o
 .ARM.attributes
                0x00000000000002af       0x34 ./Drivers/STM32F4xx_HAL_Driver/Src/stm32f4xx_hal_rcc.o
 .ARM.attributes
                0x00000000000002e3       0x34 ./Drivers/STM32F4xx_HAL_Driver/Src/stm32f4xx_hal_tim.o
 .ARM.attributes
                0x0000000000000317       0x34 ./Drivers/STM32F4xx_HAL_Driver/Src/stm32f4xx_hal_uart.o
 .ARM.attributes
                0x000000000000034b       0x34 ./Drivers/STM32F4xx_HAL_Driver/Src/stm32f4xx_ll_usb.o
 .ARM.attributes
                0x000000000000037f       0x34 ./Middlewares/ST/STM32_USB_Device_Library/Class/CDC/Src/usbd_cdc.o
 .ARM.attributes
                0x00000000000003b3       0x34 ./Middlewares/ST/STM32_USB_Device_Library/Core/Src/usbd_core.o
 .ARM.attributes
                0x00000000000003e7       0x34 ./Middlewares/ST/STM32_USB_Device_Library/Core/Src/usbd_ctlreq.o
 .ARM.attributes
                0x000000000000041b       0x34 ./Middlewares/ST/STM32_USB_Device_Library/Core/Src/usbd_ioreq.o
 .ARM.attributes
                0x000000000000044f       0x34 ./USB_DEVICE/App/usb_device.o
 .ARM.attributes
                0x0000000000000483       0x34 ./USB_DEVICE/App/usbd_cdc_if.o
 .ARM.attributes
                0x00000000000004b7       0x34 ./USB_DEVICE/App/usbd_desc.o
 .ARM.attributes
                0x00000000000004eb       0x34 ./USB_DEVICE/Target/usbd_conf.o
 .ARM.attributes
                0x000000000000051f       0x34 D:/ST/STM32CubeIDE_1.12.1/STM32CubeIDE/plugins/com.st.stm32cube.ide.mcu.externaltools.gnu-tools-for-stm32.11.3.rel1.win32_1.1.0.202305231506/tools/bin/../lib/gcc/arm-none-eabi/11.3.1/../../../../arm-none-eabi/lib/thumb/v7e-m+fp/hard\libc_nano.a(libc_a-memset.o)
 .ARM.attributes
                0x0000000000000553       0x34 D:/ST/STM32CubeIDE_1.12.1/STM32CubeIDE/plugins/com.st.stm32cube.ide.mcu.externaltools.gnu-tools-for-stm32.11.3.rel1.win32_1.1.0.202305231506/tools/bin/../lib/gcc/arm-none-eabi/11.3.1/../../../../arm-none-eabi/lib/thumb/v7e-m+fp/hard\libc_nano.a(libc_a-init.o)
 .ARM.attributes
                0x0000000000000587       0x1e D:/ST/STM32CubeIDE_1.12.1/STM32CubeIDE/plugins/com.st.stm32cube.ide.mcu.externaltools.gnu-tools-for-stm32.11.3.rel1.win32_1.1.0.202305231506/tools/bin/../lib/gcc/arm-none-eabi/11.3.1/thumb/v7e-m+fp/hard\libgcc.a(_aeabi_uldivmod.o)
 .ARM.attributes
                0x00000000000005a5       0x34 D:/ST/STM32CubeIDE_1.12.1/STM32CubeIDE/plugins/com.st.stm32cube.ide.mcu.externaltools.gnu-tools-for-stm32.11.3.rel1.win32_1.1.0.202305231506/tools/bin/../lib/gcc/arm-none-eabi/11.3.1/thumb/v7e-m+fp/hard\libgcc.a(_udivmoddi4.o)
 .ARM.attributes
                0x00000000000005d9       0x1e D:/ST/STM32CubeIDE_1.12.1/STM32CubeIDE/plugins/com.st.stm32cube.ide.mcu.externaltools.gnu-tools-for-stm32.11.3.rel1.win32_1.1.0.202305231506/tools/bin/../lib/gcc/arm-none-eabi/11.3.1/thumb/v7e-m+fp/hard\libgcc.a(_dvmd_tls.o)
 .ARM.attributes
                0x00000000000005f7       0x1e D:/ST/STM32CubeIDE_1.12.1/STM32CubeIDE/plugins/com.st.stm32cube.ide.mcu.externaltools.gnu-tools-for-stm32.11.3.rel1.win32_1.1.0.202305231506/tools/bin/../lib/gcc/arm-none-eabi/11.3.1/thumb/v7e-m+fp/hard/crtn.o
OUTPUT(BNO055_HAL.elf elf32-littlearm)
LOAD linker stubs
LOAD D:/ST/STM32CubeIDE_1.12.1/STM32CubeIDE/plugins/com.st.stm32cube.ide.mcu.externaltools.gnu-tools-for-stm32.11.3.rel1.win32_1.1.0.202305231506/tools/bin/../lib/gcc/arm-none-eabi/11.3.1/../../../../arm-none-eabi/lib/thumb/v7e-m+fp/hard\libc.a
LOAD D:/ST/STM32CubeIDE_1.12.1/STM32CubeIDE/plugins/com.st.stm32cube.ide.mcu.externaltools.gnu-tools-for-stm32.11.3.rel1.win32_1.1.0.202305231506/tools/bin/../lib/gcc/arm-none-eabi/11.3.1/../../../../arm-none-eabi/lib/thumb/v7e-m+fp/hard\libm.a
LOAD D:/ST/STM32CubeIDE_1.12.1/STM32CubeIDE/plugins/com.st.stm32cube.ide.mcu.externaltools.gnu-tools-for-stm32.11.3.rel1.win32_1.1.0.202305231506/tools/bin/../lib/gcc/arm-none-eabi/11.3.1/thumb/v7e-m+fp/hard\libgcc.a

.comment        0x0000000000000000       0x43
 .comment       0x0000000000000000       0x43 D:/ST/STM32CubeIDE_1.12.1/STM32CubeIDE/plugins/com.st.stm32cube.ide.mcu.externaltools.gnu-tools-for-stm32.11.3.rel1.win32_1.1.0.202305231506/tools/bin/../lib/gcc/arm-none-eabi/11.3.1/thumb/v7e-m+fp/hard/crtbegin.o
                                         0x44 (size before relaxing)
 .comment       0x0000000000000043       0x44 ./Core/Src/main.o
 .comment       0x0000000000000043       0x44 ./Core/Src/stm32f4xx_hal_msp.o
 .comment       0x0000000000000043       0x44 ./Core/Src/stm32f4xx_it.o
 .comment       0x0000000000000043       0x44 ./Core/Src/system_stm32f4xx.o
 .comment       0x0000000000000043       0x44 ./Drivers/STM32F4xx_HAL_Driver/Src/stm32f4xx_hal.o
 .comment       0x0000000000000043       0x44 ./Drivers/STM32F4xx_HAL_Driver/Src/stm32f4xx_hal_cortex.o
 .comment       0x0000000000000043       0x44 ./Drivers/STM32F4xx_HAL_Driver/Src/stm32f4xx_hal_dma.o
 .comment       0x0000000000000043       0x44 ./Drivers/STM32F4xx_HAL_Driver/Src/stm32f4xx_hal_gpio.o
 .comment       0x0000000000000043       0x44 ./Drivers/STM32F4xx_HAL_Driver/Src/stm32f4xx_hal_i2c.o
 .comment       0x0000000000000043       0x44 ./Drivers/STM32F4xx_HAL_Driver/Src/stm32f4xx_hal_pcd.o
 .comment       0x0000000000000043       0x44 ./Drivers/STM32F4xx_HAL_Driver/Src/stm32f4xx_hal_pcd_ex.o
 .comment       0x0000000000000043       0x44 ./Drivers/STM32F4xx_HAL_Driver/Src/stm32f4xx_hal_rcc.o
 .comment       0x0000000000000043       0x44 ./Drivers/STM32F4xx_HAL_Driver/Src/stm32f4xx_hal_tim.o
 .comment       0x0000000000000043       0x44 ./Drivers/STM32F4xx_HAL_Driver/Src/stm32f4xx_hal_uart.o
 .comment       0x0000000000000043       0x44 ./Drivers/STM32F4xx_HAL_Driver/Src/stm32f4xx_ll_usb.o
 .comment       0x0000000000000043       0x44 ./Middlewares/ST/STM32_USB_Device_Library/Class/CDC/Src/usbd_cdc.o
 .comment       0x0000000000000043       0x44 ./Middlewares/ST/STM32_USB_Device_Library/Core/Src/usbd_core.o
 .comment       0x0000000000000043       0x44 ./Middlewares/ST/STM32_USB_Device_Library/Core/Src/usbd_ctlreq.o
 .comment       0x0000000000000043       0x44 ./Middlewares/ST/STM32_USB_Device_Library/Core/Src/usbd_ioreq.o
 .comment       0x0000000000000043       0x44 ./USB_DEVICE/App/usb_device.o
 .comment       0x0000000000000043       0x44 ./USB_DEVICE/App/usbd_cdc_if.o
 .comment       0x0000000000000043       0x44 ./USB_DEVICE/App/usbd_desc.o
 .comment       0x0000000000000043       0x44 ./USB_DEVICE/Target/usbd_conf.o

.debug_info     0x0000000000000000    0x179c4
 .debug_info    0x0000000000000000     0x13ff ./Core/Src/main.o
 .debug_info    0x00000000000013ff     0x11df ./Core/Src/stm32f4xx_hal_msp.o
 .debug_info    0x00000000000025de      0xb3e ./Core/Src/stm32f4xx_it.o
 .debug_info    0x000000000000311c      0x53e ./Core/Src/system_stm32f4xx.o
 .debug_info    0x000000000000365a       0x23 ./Core/Startup/startup_stm32f411retx.o
 .debug_info    0x000000000000367d      0x8c4 ./Drivers/STM32F4xx_HAL_Driver/Src/stm32f4xx_hal.o
 .debug_info    0x0000000000003f41      0xcb6 ./Drivers/STM32F4xx_HAL_Driver/Src/stm32f4xx_hal_cortex.o
 .debug_info    0x0000000000004bf7      0x8e6 ./Drivers/STM32F4xx_HAL_Driver/Src/stm32f4xx_hal_dma.o
 .debug_info    0x00000000000054dd      0x6f9 ./Drivers/STM32F4xx_HAL_Driver/Src/stm32f4xx_hal_gpio.o
 .debug_info    0x0000000000005bd6     0x23f2 ./Drivers/STM32F4xx_HAL_Driver/Src/stm32f4xx_hal_i2c.o
 .debug_info    0x0000000000007fc8     0x1549 ./Drivers/STM32F4xx_HAL_Driver/Src/stm32f4xx_hal_pcd.o
 .debug_info    0x0000000000009511      0x6d2 ./Drivers/STM32F4xx_HAL_Driver/Src/stm32f4xx_hal_pcd_ex.o
 .debug_info    0x0000000000009be3      0x8f2 ./Drivers/STM32F4xx_HAL_Driver/Src/stm32f4xx_hal_rcc.o
 .debug_info    0x000000000000a4d5     0x2941 ./Drivers/STM32F4xx_HAL_Driver/Src/stm32f4xx_hal_tim.o
 .debug_info    0x000000000000ce16     0x2fbf ./Drivers/STM32F4xx_HAL_Driver/Src/stm32f4xx_hal_uart.o
 .debug_info    0x000000000000fdd5     0x18f6 ./Drivers/STM32F4xx_HAL_Driver/Src/stm32f4xx_ll_usb.o
 .debug_info    0x00000000000116cb     0x128b ./Middlewares/ST/STM32_USB_Device_Library/Class/CDC/Src/usbd_cdc.o
 .debug_info    0x0000000000012956      0xe05 ./Middlewares/ST/STM32_USB_Device_Library/Core/Src/usbd_core.o
 .debug_info    0x000000000001375b      0xade ./Middlewares/ST/STM32_USB_Device_Library/Core/Src/usbd_ctlreq.o
 .debug_info    0x0000000000014239      0x755 ./Middlewares/ST/STM32_USB_Device_Library/Core/Src/usbd_ioreq.o
 .debug_info    0x000000000001498e      0x701 ./USB_DEVICE/App/usb_device.o
 .debug_info    0x000000000001508f      0x8fa ./USB_DEVICE/App/usbd_cdc_if.o
 .debug_info    0x0000000000015989      0x458 ./USB_DEVICE/App/usbd_desc.o
 .debug_info    0x0000000000015de1     0x1be3 ./USB_DEVICE/Target/usbd_conf.o

.debug_abbrev   0x0000000000000000     0x3621
 .debug_abbrev  0x0000000000000000      0x2a0 ./Core/Src/main.o
 .debug_abbrev  0x00000000000002a0      0x1fb ./Core/Src/stm32f4xx_hal_msp.o
 .debug_abbrev  0x000000000000049b      0x1e8 ./Core/Src/stm32f4xx_it.o
 .debug_abbrev  0x0000000000000683      0x11a ./Core/Src/system_stm32f4xx.o
 .debug_abbrev  0x000000000000079d       0x12 ./Core/Startup/startup_stm32f411retx.o
 .debug_abbrev  0x00000000000007af      0x24b ./Drivers/STM32F4xx_HAL_Driver/Src/stm32f4xx_hal.o
 .debug_abbrev  0x00000000000009fa      0x327 ./Drivers/STM32F4xx_HAL_Driver/Src/stm32f4xx_hal_cortex.o
 .debug_abbrev  0x0000000000000d21      0x221 ./Drivers/STM32F4xx_HAL_Driver/Src/stm32f4xx_hal_dma.o
 .debug_abbrev  0x0000000000000f42      0x1d3 ./Drivers/STM32F4xx_HAL_Driver/Src/stm32f4xx_hal_gpio.o
 .debug_abbrev  0x0000000000001115      0x2bc ./Drivers/STM32F4xx_HAL_Driver/Src/stm32f4xx_hal_i2c.o
 .debug_abbrev  0x00000000000013d1      0x2cd ./Drivers/STM32F4xx_HAL_Driver/Src/stm32f4xx_hal_pcd.o
 .debug_abbrev  0x000000000000169e      0x1da ./Drivers/STM32F4xx_HAL_Driver/Src/stm32f4xx_hal_pcd_ex.o
 .debug_abbrev  0x0000000000001878      0x2b5 ./Drivers/STM32F4xx_HAL_Driver/Src/stm32f4xx_hal_rcc.o
 .debug_abbrev  0x0000000000001b2d      0x284 ./Drivers/STM32F4xx_HAL_Driver/Src/stm32f4xx_hal_tim.o
 .debug_abbrev  0x0000000000001db1      0x31b ./Drivers/STM32F4xx_HAL_Driver/Src/stm32f4xx_hal_uart.o
 .debug_abbrev  0x00000000000020cc      0x2ac ./Drivers/STM32F4xx_HAL_Driver/Src/stm32f4xx_ll_usb.o
 .debug_abbrev  0x0000000000002378      0x2d2 ./Middlewares/ST/STM32_USB_Device_Library/Class/CDC/Src/usbd_cdc.o
 .debug_abbrev  0x000000000000264a      0x27c ./Middlewares/ST/STM32_USB_Device_Library/Core/Src/usbd_core.o
 .debug_abbrev  0x00000000000028c6      0x26f ./Middlewares/ST/STM32_USB_Device_Library/Core/Src/usbd_ctlreq.o
 .debug_abbrev  0x0000000000002b35      0x19a ./Middlewares/ST/STM32_USB_Device_Library/Core/Src/usbd_ioreq.o
 .debug_abbrev  0x0000000000002ccf      0x195 ./USB_DEVICE/App/usb_device.o
 .debug_abbrev  0x0000000000002e64      0x29d ./USB_DEVICE/App/usbd_cdc_if.o
 .debug_abbrev  0x0000000000003101      0x1e1 ./USB_DEVICE/App/usbd_desc.o
 .debug_abbrev  0x00000000000032e2      0x33f ./USB_DEVICE/Target/usbd_conf.o

.debug_aranges  0x0000000000000000     0x1490
 .debug_aranges
                0x0000000000000000       0x50 ./Core/Src/main.o
 .debug_aranges
                0x0000000000000050       0x50 ./Core/Src/stm32f4xx_hal_msp.o
 .debug_aranges
                0x00000000000000a0       0x78 ./Core/Src/stm32f4xx_it.o
 .debug_aranges
                0x0000000000000118       0x28 ./Core/Src/system_stm32f4xx.o
 .debug_aranges
                0x0000000000000140       0x28 ./Core/Startup/startup_stm32f411retx.o
 .debug_aranges
                0x0000000000000168       0xf0 ./Drivers/STM32F4xx_HAL_Driver/Src/stm32f4xx_hal.o
 .debug_aranges
                0x0000000000000258      0x118 ./Drivers/STM32F4xx_HAL_Driver/Src/stm32f4xx_hal_cortex.o
 .debug_aranges
                0x0000000000000370       0x90 ./Drivers/STM32F4xx_HAL_Driver/Src/stm32f4xx_hal_dma.o
 .debug_aranges
                0x0000000000000400       0x58 ./Drivers/STM32F4xx_HAL_Driver/Src/stm32f4xx_hal_gpio.o
 .debug_aranges
                0x0000000000000458      0x2a0 ./Drivers/STM32F4xx_HAL_Driver/Src/stm32f4xx_hal_i2c.o
 .debug_aranges
                0x00000000000006f8      0x148 ./Drivers/STM32F4xx_HAL_Driver/Src/stm32f4xx_hal_pcd.o
 .debug_aranges
                0x0000000000000840       0x38 ./Drivers/STM32F4xx_HAL_Driver/Src/stm32f4xx_hal_pcd_ex.o
 .debug_aranges
                0x0000000000000878       0x88 ./Drivers/STM32F4xx_HAL_Driver/Src/stm32f4xx_hal_rcc.o
 .debug_aranges
                0x0000000000000900      0x3d0 ./Drivers/STM32F4xx_HAL_Driver/Src/stm32f4xx_hal_tim.o
 .debug_aranges
                0x0000000000000cd0      0x200 ./Drivers/STM32F4xx_HAL_Driver/Src/stm32f4xx_hal_uart.o
 .debug_aranges
                0x0000000000000ed0      0x1a0 ./Drivers/STM32F4xx_HAL_Driver/Src/stm32f4xx_ll_usb.o
 .debug_aranges
                0x0000000000001070       0x90 ./Middlewares/ST/STM32_USB_Device_Library/Class/CDC/Src/usbd_cdc.o
 .debug_aranges
                0x0000000000001100       0xd8 ./Middlewares/ST/STM32_USB_Device_Library/Core/Src/usbd_core.o
 .debug_aranges
                0x00000000000011d8       0x90 ./Middlewares/ST/STM32_USB_Device_Library/Core/Src/usbd_ctlreq.o
 .debug_aranges
                0x0000000000001268       0x50 ./Middlewares/ST/STM32_USB_Device_Library/Core/Src/usbd_ioreq.o
 .debug_aranges
                0x00000000000012b8       0x20 ./USB_DEVICE/App/usb_device.o
 .debug_aranges
                0x00000000000012d8       0x48 ./USB_DEVICE/App/usbd_cdc_if.o
 .debug_aranges
                0x0000000000001320       0x60 ./USB_DEVICE/App/usbd_desc.o
 .debug_aranges
                0x0000000000001380      0x110 ./USB_DEVICE/Target/usbd_conf.o

.debug_rnglists
                0x0000000000000000      0xfff
 .debug_rnglists
                0x0000000000000000       0x39 ./Core/Src/main.o
 .debug_rnglists
                0x0000000000000039       0x39 ./Core/Src/stm32f4xx_hal_msp.o
 .debug_rnglists
                0x0000000000000072       0x55 ./Core/Src/stm32f4xx_it.o
 .debug_rnglists
                0x00000000000000c7       0x1a ./Core/Src/system_stm32f4xx.o
 .debug_rnglists
                0x00000000000000e1       0x19 ./Core/Startup/startup_stm32f411retx.o
 .debug_rnglists
                0x00000000000000fa       0xaf ./Drivers/STM32F4xx_HAL_Driver/Src/stm32f4xx_hal.o
 .debug_rnglists
                0x00000000000001a9       0xce ./Drivers/STM32F4xx_HAL_Driver/Src/stm32f4xx_hal_cortex.o
 .debug_rnglists
                0x0000000000000277       0x70 ./Drivers/STM32F4xx_HAL_Driver/Src/stm32f4xx_hal_dma.o
 .debug_rnglists
                0x00000000000002e7       0x3f ./Drivers/STM32F4xx_HAL_Driver/Src/stm32f4xx_hal_gpio.o
 .debug_rnglists
                0x0000000000000326      0x235 ./Drivers/STM32F4xx_HAL_Driver/Src/stm32f4xx_hal_i2c.o
 .debug_rnglists
                0x000000000000055b       0xfc ./Drivers/STM32F4xx_HAL_Driver/Src/stm32f4xx_hal_pcd.o
 .debug_rnglists
                0x0000000000000657       0x26 ./Drivers/STM32F4xx_HAL_Driver/Src/stm32f4xx_hal_pcd_ex.o
 .debug_rnglists
                0x000000000000067d       0x66 ./Drivers/STM32F4xx_HAL_Driver/Src/stm32f4xx_hal_rcc.o
 .debug_rnglists
                0x00000000000006e3      0x31a ./Drivers/STM32F4xx_HAL_Driver/Src/stm32f4xx_hal_tim.o
 .debug_rnglists
                0x00000000000009fd      0x1b7 ./Drivers/STM32F4xx_HAL_Driver/Src/stm32f4xx_hal_uart.o
 .debug_rnglists
                0x0000000000000bb4      0x148 ./Drivers/STM32F4xx_HAL_Driver/Src/stm32f4xx_ll_usb.o
 .debug_rnglists
                0x0000000000000cfc       0x6c ./Middlewares/ST/STM32_USB_Device_Library/Class/CDC/Src/usbd_cdc.o
 .debug_rnglists
                0x0000000000000d68       0xa1 ./Middlewares/ST/STM32_USB_Device_Library/Core/Src/usbd_core.o
 .debug_rnglists
                0x0000000000000e09       0x6e ./Middlewares/ST/STM32_USB_Device_Library/Core/Src/usbd_ctlreq.o
 .debug_rnglists
                0x0000000000000e77       0x37 ./Middlewares/ST/STM32_USB_Device_Library/Core/Src/usbd_ioreq.o
 .debug_rnglists
                0x0000000000000eae       0x13 ./USB_DEVICE/App/usb_device.o
 .debug_rnglists
                0x0000000000000ec1       0x32 ./USB_DEVICE/App/usbd_cdc_if.o
 .debug_rnglists
                0x0000000000000ef3       0x43 ./USB_DEVICE/App/usbd_desc.o
 .debug_rnglists
                0x0000000000000f36       0xc9 ./USB_DEVICE/Target/usbd_conf.o

.debug_macro    0x0000000000000000     0x6c01
 .debug_macro   0x0000000000000000      0x37e ./Core/Src/main.o
 .debug_macro   0x000000000000037e      0xaa8 ./Core/Src/main.o
 .debug_macro   0x0000000000000e26       0x8e ./Core/Src/main.o
 .debug_macro   0x0000000000000eb4       0x51 ./Core/Src/main.o
 .debug_macro   0x0000000000000f05      0x1df ./Core/Src/main.o
 .debug_macro   0x00000000000010e4     0x102d ./Core/Src/main.o
 .debug_macro   0x0000000000002111      0x174 ./Core/Src/main.o
 .debug_macro   0x0000000000002285       0x5c ./Core/Src/main.o
 .debug_macro   0x00000000000022e1       0x5e ./Core/Src/main.o
 .debug_macro   0x000000000000233f       0x61 ./Core/Src/main.o
 .debug_macro   0x00000000000023a0       0x34 ./Core/Src/main.o
 .debug_macro   0x00000000000023d4       0x16 ./Core/Src/main.o
 .debug_macro   0x00000000000023ea       0x35 ./Core/Src/main.o
 .debug_macro   0x000000000000241f      0x369 ./Core/Src/main.o
 .debug_macro   0x0000000000002788       0x43 ./Core/Src/main.o
 .debug_macro   0x00000000000027cb       0x1c ./Core/Src/main.o
 .debug_macro   0x00000000000027e7       0x16 ./Core/Src/main.o
 .debug_macro   0x00000000000027fd      0x147 ./Core/Src/main.o
 .debug_macro   0x0000000000002944       0x16 ./Core/Src/main.o
 .debug_macro   0x000000000000295a       0x20 ./Core/Src/main.o
 .debug_macro   0x000000000000297a       0x65 ./Core/Src/main.o
 .debug_macro   0x00000000000029df      0x20f ./Core/Src/main.o
 .debug_macro   0x0000000000002bee      0x21a ./Core/Src/stm32f4xx_hal_msp.o
 .debug_macro   0x0000000000002e08      0x224 ./Core/Src/stm32f4xx_it.o
 .debug_macro   0x000000000000302c      0x20b ./Core/Src/system_stm32f4xx.o
 .debug_macro   0x0000000000003237      0x26b ./Drivers/STM32F4xx_HAL_Driver/Src/stm32f4xx_hal.o
 .debug_macro   0x00000000000034a2      0x20b ./Drivers/STM32F4xx_HAL_Driver/Src/stm32f4xx_hal_cortex.o
 .debug_macro   0x00000000000036ad      0x211 ./Drivers/STM32F4xx_HAL_Driver/Src/stm32f4xx_hal_dma.o
 .debug_macro   0x00000000000038be      0x211 ./Drivers/STM32F4xx_HAL_Driver/Src/stm32f4xx_hal_gpio.o
 .debug_macro   0x0000000000003acf      0x252 ./Drivers/STM32F4xx_HAL_Driver/Src/stm32f4xx_hal_i2c.o
 .debug_macro   0x0000000000003d21      0x217 ./Drivers/STM32F4xx_HAL_Driver/Src/stm32f4xx_hal_pcd.o
 .debug_macro   0x0000000000003f38      0x20b ./Drivers/STM32F4xx_HAL_Driver/Src/stm32f4xx_hal_pcd_ex.o
 .debug_macro   0x0000000000004143      0x22f ./Drivers/STM32F4xx_HAL_Driver/Src/stm32f4xx_hal_rcc.o
 .debug_macro   0x0000000000004372      0x20c ./Drivers/STM32F4xx_HAL_Driver/Src/stm32f4xx_hal_tim.o
 .debug_macro   0x000000000000457e      0x20c ./Drivers/STM32F4xx_HAL_Driver/Src/stm32f4xx_hal_uart.o
 .debug_macro   0x000000000000478a      0x20b ./Drivers/STM32F4xx_HAL_Driver/Src/stm32f4xx_ll_usb.o
 .debug_macro   0x0000000000004995      0x3a9 ./Middlewares/ST/STM32_USB_Device_Library/Class/CDC/Src/usbd_cdc.o
 .debug_macro   0x0000000000004d3e       0x97 ./Middlewares/ST/STM32_USB_Device_Library/Class/CDC/Src/usbd_cdc.o
 .debug_macro   0x0000000000004dd5       0xfd ./Middlewares/ST/STM32_USB_Device_Library/Class/CDC/Src/usbd_cdc.o
 .debug_macro   0x0000000000004ed2       0x95 ./Middlewares/ST/STM32_USB_Device_Library/Class/CDC/Src/usbd_cdc.o
 .debug_macro   0x0000000000004f67      0x390 ./Middlewares/ST/STM32_USB_Device_Library/Core/Src/usbd_core.o
 .debug_macro   0x00000000000052f7      0x215 ./Middlewares/ST/STM32_USB_Device_Library/Core/Src/usbd_core.o
 .debug_macro   0x000000000000550c      0x39a ./Middlewares/ST/STM32_USB_Device_Library/Core/Src/usbd_ctlreq.o
 .debug_macro   0x00000000000058a6      0x396 ./Middlewares/ST/STM32_USB_Device_Library/Core/Src/usbd_ioreq.o
 .debug_macro   0x0000000000005c3c      0x3c9 ./USB_DEVICE/App/usb_device.o
 .debug_macro   0x0000000000006005       0x64 ./USB_DEVICE/App/usb_device.o
 .debug_macro   0x0000000000006069       0x22 ./USB_DEVICE/App/usb_device.o
 .debug_macro   0x000000000000608b       0x16 ./USB_DEVICE/App/usb_device.o
 .debug_macro   0x00000000000060a1      0x3b4 ./USB_DEVICE/App/usbd_cdc_if.o
 .debug_macro   0x0000000000006455       0x10 ./USB_DEVICE/App/usbd_cdc_if.o
 .debug_macro   0x0000000000006465      0x3d3 ./USB_DEVICE/App/usbd_desc.o
 .debug_macro   0x0000000000006838       0x1c ./USB_DEVICE/App/usbd_desc.o
 .debug_macro   0x0000000000006854      0x3ad ./USB_DEVICE/Target/usbd_conf.o

.debug_line     0x0000000000000000    0x1a684
 .debug_line    0x0000000000000000      0xb3e ./Core/Src/main.o
 .debug_line    0x0000000000000b3e      0x896 ./Core/Src/stm32f4xx_hal_msp.o
 .debug_line    0x00000000000013d4      0x8c9 ./Core/Src/stm32f4xx_it.o
 .debug_line    0x0000000000001c9d      0x840 ./Core/Src/system_stm32f4xx.o
 .debug_line    0x00000000000024dd       0x7a ./Core/Startup/startup_stm32f411retx.o
 .debug_line    0x0000000000002557      0xaa6 ./Drivers/STM32F4xx_HAL_Driver/Src/stm32f4xx_hal.o
 .debug_line    0x0000000000002ffd      0xd55 ./Drivers/STM32F4xx_HAL_Driver/Src/stm32f4xx_hal_cortex.o
 .debug_line    0x0000000000003d52     0x100a ./Drivers/STM32F4xx_HAL_Driver/Src/stm32f4xx_hal_dma.o
 .debug_line    0x0000000000004d5c      0xbde ./Drivers/STM32F4xx_HAL_Driver/Src/stm32f4xx_hal_gpio.o
 .debug_line    0x000000000000593a     0x3a68 ./Drivers/STM32F4xx_HAL_Driver/Src/stm32f4xx_hal_i2c.o
 .debug_line    0x00000000000093a2     0x154d ./Drivers/STM32F4xx_HAL_Driver/Src/stm32f4xx_hal_pcd.o
 .debug_line    0x000000000000a8ef      0x889 ./Drivers/STM32F4xx_HAL_Driver/Src/stm32f4xx_hal_pcd_ex.o
 .debug_line    0x000000000000b178      0xe1f ./Drivers/STM32F4xx_HAL_Driver/Src/stm32f4xx_hal_rcc.o
 .debug_line    0x000000000000bf97     0x356c ./Drivers/STM32F4xx_HAL_Driver/Src/stm32f4xx_hal_tim.o
 .debug_line    0x000000000000f503     0x2b48 ./Drivers/STM32F4xx_HAL_Driver/Src/stm32f4xx_hal_uart.o
 .debug_line    0x000000000001204b     0x1b67 ./Drivers/STM32F4xx_HAL_Driver/Src/stm32f4xx_ll_usb.o
 .debug_line    0x0000000000013bb2      0xf48 ./Middlewares/ST/STM32_USB_Device_Library/Class/CDC/Src/usbd_cdc.o
 .debug_line    0x0000000000014afa      0xfbd ./Middlewares/ST/STM32_USB_Device_Library/Core/Src/usbd_core.o
 .debug_line    0x0000000000015ab7     0x11a7 ./Middlewares/ST/STM32_USB_Device_Library/Core/Src/usbd_ctlreq.o
 .debug_line    0x0000000000016c5e      0xad6 ./Middlewares/ST/STM32_USB_Device_Library/Core/Src/usbd_ioreq.o
 .debug_line    0x0000000000017734      0xa92 ./USB_DEVICE/App/usb_device.o
 .debug_line    0x00000000000181c6      0xaf5 ./USB_DEVICE/App/usbd_cdc_if.o
 .debug_line    0x0000000000018cbb      0xb5b ./USB_DEVICE/App/usbd_desc.o
 .debug_line    0x0000000000019816      0xe6e ./USB_DEVICE/Target/usbd_conf.o

.debug_str      0x0000000000000000    0x93d2a
 .debug_str     0x0000000000000000    0x8e770 ./Core/Src/main.o
                                      0x8eb45 (size before relaxing)
 .debug_str     0x000000000008e770       0xf4 ./Core/Src/stm32f4xx_hal_msp.o
                                      0x8a6de (size before relaxing)
 .debug_str     0x000000000008e864      0x49a ./Core/Src/stm32f4xx_it.o
                                      0x8a0b2 (size before relaxing)
 .debug_str     0x000000000008ecfe       0xdb ./Core/Src/system_stm32f4xx.o
                                      0x897b4 (size before relaxing)
 .debug_str     0x000000000008edd9       0x34 ./Core/Startup/startup_stm32f411retx.o
                                         0x63 (size before relaxing)
 .debug_str     0x000000000008ee0d      0x5f0 ./Drivers/STM32F4xx_HAL_Driver/Src/stm32f4xx_hal.o
                                      0x8a1e0 (size before relaxing)
 .debug_str     0x000000000008f3fd      0x326 ./Drivers/STM32F4xx_HAL_Driver/Src/stm32f4xx_hal_cortex.o
                                      0x89f01 (size before relaxing)
 .debug_str     0x000000000008f723      0x31d ./Drivers/STM32F4xx_HAL_Driver/Src/stm32f4xx_hal_dma.o
                                      0x89bbc (size before relaxing)
 .debug_str     0x000000000008fa40      0x108 ./Drivers/STM32F4xx_HAL_Driver/Src/stm32f4xx_hal_gpio.o
                                      0x8992f (size before relaxing)
 .debug_str     0x000000000008fb48      0xa93 ./Drivers/STM32F4xx_HAL_Driver/Src/stm32f4xx_hal_i2c.o
                                      0x8a772 (size before relaxing)
 .debug_str     0x00000000000905db      0x832 ./Drivers/STM32F4xx_HAL_Driver/Src/stm32f4xx_hal_pcd.o
                                      0x8a264 (size before relaxing)
 .debug_str     0x0000000000090e0d      0x115 ./Drivers/STM32F4xx_HAL_Driver/Src/stm32f4xx_hal_pcd_ex.o
                                      0x89b53 (size before relaxing)
 .debug_str     0x0000000000090f22      0x1ff ./Drivers/STM32F4xx_HAL_Driver/Src/stm32f4xx_hal_rcc.o
                                      0x89be8 (size before relaxing)
 .debug_str     0x0000000000091121      0xe58 ./Drivers/STM32F4xx_HAL_Driver/Src/stm32f4xx_hal_tim.o
                                      0x8ab1c (size before relaxing)
 .debug_str     0x0000000000091f79      0x5e9 ./Drivers/STM32F4xx_HAL_Driver/Src/stm32f4xx_hal_uart.o
                                      0x8a175 (size before relaxing)
 .debug_str     0x0000000000092562      0x444 ./Drivers/STM32F4xx_HAL_Driver/Src/stm32f4xx_ll_usb.o
                                      0x8a0cc (size before relaxing)
 .debug_str     0x00000000000929a6      0xa1e ./Middlewares/ST/STM32_USB_Device_Library/Class/CDC/Src/usbd_cdc.o
                                      0x8e8ce (size before relaxing)
 .debug_str     0x00000000000933c4      0x35c ./Middlewares/ST/STM32_USB_Device_Library/Core/Src/usbd_core.o
                                      0x8e244 (size before relaxing)
 .debug_str     0x0000000000093720      0x139 ./Middlewares/ST/STM32_USB_Device_Library/Core/Src/usbd_ctlreq.o
                                      0x8e06f (size before relaxing)
 .debug_str     0x0000000000093859       0x51 ./Middlewares/ST/STM32_USB_Device_Library/Core/Src/usbd_ioreq.o